-- Automatically generated by TPCDSCollationQueryTestSuite

-- !query output on collated data
org.apache.spark.sql.catalyst.extendedanalysisexception
{
  "errorclass" : "datatype_mismatch.binary_op_diff_types",
  "sqlstate" : "42k09",
  "messageparameters" : {
    "left" : "\"string collate utf8_binary_lcase\"",
    "right" : "\"string\"",
    "sqlexpr" : "\"(ca_state = ga)\""
  },
  "querycontext" : [ {
    "objecttype" : "",
    "objectname" : "",
    "startindex" : 402,
    "stopindex" : 416,
    "fragment" : "ca_state = 'ga'"
  } ]
}
-- !query output on normalized data
0	NULL	NULL
