-- Automatically generated by TPCDSCollationQueryTestSuite

-- !query output on collated data
esepriableanti                                    	null	null	null	429.7808764940239
esepriableanti                                    	importoamalg #x                                   	null	null	429.7808764940239
esepriableanti                                    	importoamalg #x                                   	fragrances                                        	null	429.7808764940239
esepriableanti                                    	importoamalg #x                                   	fragrances                                        	women                                             	429.7808764940239
n stbarn stbarought                               	null	null	null	430.0122448979592
n stbarn stbarought                               	amalgimporto #x                                   	null	null	430.0122448979592
n stbarn stbarought                               	amalgimporto #x                                   	accessories                                       	null	430.0122448979592
n stbarn stbarought                               	amalgimporto #x                                   	accessories                                       	men                                               	430.0122448979592
antiationeing                                     	null	null	null	437.03614457831327
antiationeing                                     	amalgexporti #x                                   	null	null	437.03614457831327
antiationeing                                     	amalgexporti #x                                   	newborn                                           	null	437.03614457831327
antiationeing                                     	amalgexporti #x                                   	newborn                                           	children                                          	437.03614457831327
n stpriantin st                                   	null	null	null	438.77868852459017
n stpriantin st                                   	exportiexporti #x                                 	null	null	438.77868852459017
n stpriantin st                                   	exportiexporti #x                                 	toddlers                                          	null	438.77868852459017
n stpriantin st                                   	exportiexporti #x                                 	toddlers                                          	children                                          	438.77868852459017
eingprically                                      	null	null	null	439.97975708502025
eingprically                                      	amalgbrand #x                                     	null	null	439.97975708502025
eingprically                                      	amalgbrand #x                                     	semi-precious                                     	null	439.97975708502025
eingprically                                      	amalgbrand #x                                     	semi-precious                                     	jewelry                                           	439.97975708502025
prieingable                                       	null	null	null	440.096
prieingable                                       	exportiunivamalg #x                               	null	null	440.096
prieingable                                       	exportiunivamalg #x                               	self-help                                         	null	440.096
prieingable                                       	exportiunivamalg #x                               	self-help                                         	books                                             	440.096
oughteingn stationought                           	null	null	null	440.1497975708502
oughteingn stationought                           	amalgscholar #x                                   	null	null	440.1497975708502
oughteingn stationought                           	amalgscholar #x                                   	rock                                              	null	440.1497975708502
oughteingn stationought                           	amalgscholar #x                                   	rock                                              	music                                             	440.1497975708502
eingationbaroughtought                            	null	null	null	440.9721115537849
eingationbaroughtought                            	maxicorp #x                                       	null	null	440.9721115537849
eingationbaroughtought                            	maxicorp #x                                       	womens watch                                      	null	440.9721115537849
eingationbaroughtought                            	maxicorp #x                                       	womens watch                                      	jewelry                                           	440.9721115537849
priantibarpri                                     	null	null	null	443.45849802371544
priantibarpri                                     	exportiimporto #x                                 	null	null	443.45849802371544
priantibarpri                                     	exportiimporto #x                                 	pants                                             	null	443.45849802371544
priantibarpri                                     	exportiimporto #x                                 	pants                                             	men                                               	443.45849802371544
prioughtantiation                                 	null	null	null	443.8825910931174
prioughtantiation                                 	corpmaxi #x                                       	null	null	443.8825910931174
prioughtantiation                                 	corpmaxi #x                                       	parenting                                         	null	443.8825910931174
prioughtantiation                                 	corpmaxi #x                                       	parenting                                         	books                                             	443.8825910931174
eseprieingoughtought                              	null	null	null	445.2016129032258
eseprieingoughtought                              	importonameless #x                                	null	null	445.2016129032258
eseprieingoughtought                              	importonameless #x                                	baseball                                          	null	445.2016129032258
eseprieingoughtought                              	importonameless #x                                	baseball                                          	sports                                            	445.2016129032258
eingpriationanti                                  	null	null	null	445.4920634920635
eingpriationanti                                  	scholarunivamalg #x                               	null	null	445.4920634920635
eingpriationanti                                  	scholarunivamalg #x                               	fiction                                           	null	445.4920634920635
eingpriationanti                                  	scholarunivamalg #x                               	fiction                                           	books                                             	445.4920634920635
antin stablecallyought                            	null	null	null	445.54918032786884
antin stablecallyought                            	importoedu pack #x                                	null	null	445.54918032786884
antin stablecallyought                            	importoedu pack #x                                	mens                                              	null	445.54918032786884
antin stablecallyought                            	importoedu pack #x                                	mens                                              	shoes                                             	445.54918032786884
callycallyn steing                                	null	null	null	445.9012345679012
callycallyn steing                                	corpunivamalg #x                                  	null	null	445.9012345679012
callycallyn steing                                	corpunivamalg #x                                  	mystery                                           	null	445.9012345679012
callycallyn steing                                	corpunivamalg #x                                  	mystery                                           	books                                             	445.9012345679012
oughtpribarought                                  	null	null	null	446.125
oughtpribarought                                  	exportinameless #x                                	null	null	446.125
oughtpribarought                                  	exportinameless #x                                	wallpaper                                         	null	446.125
oughtpribarought                                  	exportinameless #x                                	wallpaper                                         	home                                              	446.125
oughtantioughtbarought                            	null	null	null	446.1847389558233
oughtantioughtbarought                            	edu packmaxi #x                                  	null	null	446.1847389558233
oughtantioughtbarought                            	edu packmaxi #x                                  	entertainments                                    	null	446.1847389558233
oughtantioughtbarought                            	edu packmaxi #x                                  	entertainments                                    	books                                             	446.1847389558233
callyoughtn stcallyought                          	null	null	null	446.43650793650795
callyoughtn stcallyought                          	exportischolar #x                                 	null	null	446.43650793650795
callyoughtn stcallyought                          	exportischolar #x                                 	pop                                               	null	446.43650793650795
callyoughtn stcallyought                          	exportischolar #x                                 	pop                                               	music                                             	446.43650793650795
ationeingationableought                           	null	null	null	446.48192771084337
ationeingationableought                           	namelessnameless #x                               	null	null	446.48192771084337
ationeingationableought                           	namelessnameless #x                               	outdoor                                           	null	446.48192771084337
ationeingationableought                           	namelessnameless #x                               	outdoor                                           	sports                                            	446.48192771084337
priantiableese                                    	null	null	null	446.85483870967744
priantiableese                                    	exportiedu pack #x                                	null	null	446.85483870967744
priantiableese                                    	exportiedu pack #x                                	kids                                              	null	446.85483870967744
priantiableese                                    	exportiedu pack #x                                	kids                                              	shoes                                             	446.85483870967744
prieseeseableought                                	null	null	null	446.9186991869919
prieseeseableought                                	amalgscholar #x                                   	null	null	446.9186991869919
prieseeseableought                                	amalgscholar #x                                   	rock                                              	null	446.9186991869919
prieseeseableought                                	amalgscholar #x                                   	rock                                              	music                                             	446.9186991869919
ationableoughtcallyought                          	null	null	null	447.165991902834
ationableoughtcallyought                          	exportischolar #x                                 	null	null	447.165991902834
ationableoughtcallyought                          	exportischolar #x                                 	pop                                               	null	447.165991902834
ationableoughtcallyought                          	exportischolar #x                                 	pop                                               	music                                             	447.165991902834
pripricallyese                                    	null	null	null	447.2550607287449
pripricallyese                                    	edu packimporto #x                                	null	null	447.2550607287449
pripricallyese                                    	edu packimporto #x                                	sports-apparel                                    	null	447.2550607287449
pripricallyese                                    	edu packimporto #x                                	sports-apparel                                    	men                                               	447.2550607287449
eingableationn st                                 	null	null	null	447.3541666666667
eingableationn st                                 	namelessmaxi #x                                   	null	null	447.3541666666667
eingableationn st                                 	namelessmaxi #x                                   	romance                                           	null	447.3541666666667
eingableationn st                                 	namelessmaxi #x                                   	romance                                           	books                                             	447.3541666666667
n stantin stoughtought                            	null	null	null	448.2396694214876
n stantin stoughtought                            	importoscholar #x                                 	null	null	448.2396694214876
n stantin stoughtought                            	importoscholar #x                                 	country                                           	null	448.2396694214876
n stantin stoughtought                            	importoscholar #x                                 	country                                           	music                                             	448.2396694214876
n steingbaranti                                   	null	null	null	448.702479338843
n steingbaranti                                   	amalgamalg #x                                     	null	null	448.702479338843
n steingbaranti                                   	amalgamalg #x                                     	dresses                                           	null	448.702479338843
n steingbaranti                                   	amalgamalg #x                                     	dresses                                           	women                                             	448.702479338843
-- !query output on normalized data
esepriableanti                                    	NULL	NULL	NULL	429.7808764940239
esepriableanti                                    	importoamalg #x                                   	NULL	NULL	429.7808764940239
esepriableanti                                    	importoamalg #x                                   	fragrances                                        	NULL	429.7808764940239
esepriableanti                                    	importoamalg #x                                   	fragrances                                        	women                                             	429.7808764940239
n stbarn stbarought                               	NULL	NULL	NULL	430.0122448979592
n stbarn stbarought                               	amalgimporto #x                                   	NULL	NULL	430.0122448979592
n stbarn stbarought                               	amalgimporto #x                                   	accessories                                       	NULL	430.0122448979592
n stbarn stbarought                               	amalgimporto #x                                   	accessories                                       	men                                               	430.0122448979592
antiationeing                                     	NULL	NULL	NULL	437.03614457831327
antiationeing                                     	amalgexporti #x                                   	NULL	NULL	437.03614457831327
antiationeing                                     	amalgexporti #x                                   	newborn                                           	NULL	437.03614457831327
antiationeing                                     	amalgexporti #x                                   	newborn                                           	children                                          	437.03614457831327
n stpriantin st                                   	NULL	NULL	NULL	438.77868852459017
n stpriantin st                                   	exportiexporti #x                                 	NULL	NULL	438.77868852459017
n stpriantin st                                   	exportiexporti #x                                 	toddlers                                          	NULL	438.77868852459017
n stpriantin st                                   	exportiexporti #x                                 	toddlers                                          	children                                          	438.77868852459017
eingprically                                      	NULL	NULL	NULL	439.97975708502025
eingprically                                      	amalgbrand #x                                     	NULL	NULL	439.97975708502025
eingprically                                      	amalgbrand #x                                     	semi-precious                                     	NULL	439.97975708502025
eingprically                                      	amalgbrand #x                                     	semi-precious                                     	jewelry                                           	439.97975708502025
prieingable                                       	NULL	NULL	NULL	440.096
prieingable                                       	exportiunivamalg #x                               	NULL	NULL	440.096
prieingable                                       	exportiunivamalg #x                               	self-help                                         	NULL	440.096
prieingable                                       	exportiunivamalg #x                               	self-help                                         	books                                             	440.096
oughteingn stationought                           	NULL	NULL	NULL	440.1497975708502
oughteingn stationought                           	amalgscholar #x                                   	NULL	NULL	440.1497975708502
oughteingn stationought                           	amalgscholar #x                                   	rock                                              	NULL	440.1497975708502
oughteingn stationought                           	amalgscholar #x                                   	rock                                              	music                                             	440.1497975708502
eingationbaroughtought                            	NULL	NULL	NULL	440.9721115537849
eingationbaroughtought                            	maxicorp #x                                       	NULL	NULL	440.9721115537849
eingationbaroughtought                            	maxicorp #x                                       	womens watch                                      	NULL	440.9721115537849
eingationbaroughtought                            	maxicorp #x                                       	womens watch                                      	jewelry                                           	440.9721115537849
priantibarpri                                     	NULL	NULL	NULL	443.45849802371544
priantibarpri                                     	exportiimporto #x                                 	NULL	NULL	443.45849802371544
priantibarpri                                     	exportiimporto #x                                 	pants                                             	NULL	443.45849802371544
priantibarpri                                     	exportiimporto #x                                 	pants                                             	men                                               	443.45849802371544
prioughtantiation                                 	NULL	NULL	NULL	443.8825910931174
prioughtantiation                                 	corpmaxi #x                                       	NULL	NULL	443.8825910931174
prioughtantiation                                 	corpmaxi #x                                       	parenting                                         	NULL	443.8825910931174
prioughtantiation                                 	corpmaxi #x                                       	parenting                                         	books                                             	443.8825910931174
eseprieingoughtought                              	NULL	NULL	NULL	445.2016129032258
eseprieingoughtought                              	importonameless #x                                	NULL	NULL	445.2016129032258
eseprieingoughtought                              	importonameless #x                                	baseball                                          	NULL	445.2016129032258
eseprieingoughtought                              	importonameless #x                                	baseball                                          	sports                                            	445.2016129032258
eingpriationanti                                  	NULL	NULL	NULL	445.4920634920635
eingpriationanti                                  	scholarunivamalg #x                               	NULL	NULL	445.4920634920635
eingpriationanti                                  	scholarunivamalg #x                               	fiction                                           	NULL	445.4920634920635
eingpriationanti                                  	scholarunivamalg #x                               	fiction                                           	books                                             	445.4920634920635
antin stablecallyought                            	NULL	NULL	NULL	445.54918032786884
antin stablecallyought                            	importoedu pack #x                                	NULL	NULL	445.54918032786884
antin stablecallyought                            	importoedu pack #x                                	mens                                              	NULL	445.54918032786884
antin stablecallyought                            	importoedu pack #x                                	mens                                              	shoes                                             	445.54918032786884
callycallyn steing                                	NULL	NULL	NULL	445.9012345679012
callycallyn steing                                	corpunivamalg #x                                  	NULL	NULL	445.9012345679012
callycallyn steing                                	corpunivamalg #x                                  	mystery                                           	NULL	445.9012345679012
callycallyn steing                                	corpunivamalg #x                                  	mystery                                           	books                                             	445.9012345679012
oughtpribarought                                  	NULL	NULL	NULL	446.125
oughtpribarought                                  	exportinameless #x                                	NULL	NULL	446.125
oughtpribarought                                  	exportinameless #x                                	wallpaper                                         	NULL	446.125
oughtpribarought                                  	exportinameless #x                                	wallpaper                                         	home                                              	446.125
oughtantioughtbarought                            	NULL	NULL	NULL	446.1847389558233
oughtantioughtbarought                            	edu packmaxi #x                                  	NULL	NULL	446.1847389558233
oughtantioughtbarought                            	edu packmaxi #x                                  	entertainments                                    	NULL	446.1847389558233
oughtantioughtbarought                            	edu packmaxi #x                                  	entertainments                                    	books                                             	446.1847389558233
callyoughtn stcallyought                          	NULL	NULL	NULL	446.43650793650795
callyoughtn stcallyought                          	exportischolar #x                                 	NULL	NULL	446.43650793650795
callyoughtn stcallyought                          	exportischolar #x                                 	pop                                               	NULL	446.43650793650795
callyoughtn stcallyought                          	exportischolar #x                                 	pop                                               	music                                             	446.43650793650795
ationeingationableought                           	NULL	NULL	NULL	446.48192771084337
ationeingationableought                           	namelessnameless #x                               	NULL	NULL	446.48192771084337
ationeingationableought                           	namelessnameless #x                               	outdoor                                           	NULL	446.48192771084337
ationeingationableought                           	namelessnameless #x                               	outdoor                                           	sports                                            	446.48192771084337
priantiableese                                    	NULL	NULL	NULL	446.85483870967744
priantiableese                                    	exportiedu pack #x                                	NULL	NULL	446.85483870967744
priantiableese                                    	exportiedu pack #x                                	kids                                              	NULL	446.85483870967744
priantiableese                                    	exportiedu pack #x                                	kids                                              	shoes                                             	446.85483870967744
prieseeseableought                                	NULL	NULL	NULL	446.9186991869919
prieseeseableought                                	amalgscholar #x                                   	NULL	NULL	446.9186991869919
prieseeseableought                                	amalgscholar #x                                   	rock                                              	NULL	446.9186991869919
prieseeseableought                                	amalgscholar #x                                   	rock                                              	music                                             	446.9186991869919
ationableoughtcallyought                          	NULL	NULL	NULL	447.165991902834
ationableoughtcallyought                          	exportischolar #x                                 	NULL	NULL	447.165991902834
ationableoughtcallyought                          	exportischolar #x                                 	pop                                               	NULL	447.165991902834
ationableoughtcallyought                          	exportischolar #x                                 	pop                                               	music                                             	447.165991902834
pripricallyese                                    	NULL	NULL	NULL	447.2550607287449
pripricallyese                                    	edu packimporto #x                                	NULL	NULL	447.2550607287449
pripricallyese                                    	edu packimporto #x                                	sports-apparel                                    	NULL	447.2550607287449
pripricallyese                                    	edu packimporto #x                                	sports-apparel                                    	men                                               	447.2550607287449
eingableationn st                                 	NULL	NULL	NULL	447.3541666666667
eingableationn st                                 	namelessmaxi #x                                   	NULL	NULL	447.3541666666667
eingableationn st                                 	namelessmaxi #x                                   	romance                                           	NULL	447.3541666666667
eingableationn st                                 	namelessmaxi #x                                   	romance                                           	books                                             	447.3541666666667
n stantin stoughtought                            	NULL	NULL	NULL	448.2396694214876
n stantin stoughtought                            	importoscholar #x                                 	NULL	NULL	448.2396694214876
n stantin stoughtought                            	importoscholar #x                                 	country                                           	NULL	448.2396694214876
n stantin stoughtought                            	importoscholar #x                                 	country                                           	music                                             	448.2396694214876
n steingbaranti                                   	NULL	NULL	NULL	448.702479338843
n steingbaranti                                   	amalgamalg #x                                     	NULL	NULL	448.702479338843
n steingbaranti                                   	amalgamalg #x                                     	dresses                                           	NULL	448.702479338843
n steingbaranti                                   	amalgamalg #x                                     	dresses                                           	women                                             	448.702479338843
