-- Automatically generated by TPCDSCollationQueryTestSuite

-- !query output on collated data
scala.matcherror
org.apache.spark.sql.types.stringtype@1 (of class org.apache.spark.sql.types.stringtype)
-- !query output on normalized data

