-- Automatically generated by TPCDSCollationQueryTestSuite

-- !query output on collated data
org.apache.spark.sql.catalyst.extendedanalysisexception
{
  "errorclass" : "datatype_mismatch.binary_op_diff_types",
  "sqlstate" : "42k09",
  "messageparameters" : {
    "left" : "\"string collate utf8_binary_lcase\"",
    "right" : "\"string\"",
    "sqlexpr" : "\"(i_color = pale)\""
  },
  "querycontext" : [ {
    "objecttype" : "",
    "objectname" : "",
    "startindex" : 779,
    "stopindex" : 794,
    "fragment" : "i_color = 'pale'"
  } ]
}
-- !query output on normalized data

