-- Automatically generated by TPCDSCollationQueryTestSuite

-- !query output on collated data
78.045281	36383	9236	69.528580	35193	6542	133.847037	28274	9714	81.911887	31756	7687	61.160300	36338	8603	39.282627	29915	5210
-- !query output on normalized data
78.045281	36383	9236	69.528580	35193	6542	133.847037	28274	9714	81.911887	31756	7687	61.160300	36338	8603	39.282627	29915	5210
