-- Automatically generated by TPCDSCollationQueryTestSuite

-- !query output on collated data
aaaaaaaadifdaaaa	now christian papers believe very major, new branches. annual wars include harshly so-called sites. 	aaaaaaaahaaaaaaa	ation	11	10	13
aaaaaaaannbeaaaa	old forces shall not think more than foreign earnings. controls could carry almos	aaaaaaaacaaaaaaa	able	56	25	10
-- !query output on normalized data
aaaaaaaadifdaaaa	now christian papers believe very major, new branches. annual wars include harshly so-called sites. 	aaaaaaaahaaaaaaa	ation	11	10	13
aaaaaaaannbeaaaa	old forces shall not think more than foreign earnings. controls could carry almos	aaaaaaaacaaaaaaa	able	56	25	10
