-- Automatically generated by TPCDSCollationQueryTestSuite

-- !query output on collated data
aaaaaaaadhgdaaaa	necessary times believe probably. cruel traders know ho	92.95
aaaaaaaafmldaaaa	given groups please unfortu	84.79
-- !query output on normalized data
aaaaaaaadhgdaaaa	necessary times believe probably. cruel traders know ho	92.95
aaaaaaaafmldaaaa	given groups please unfortu	84.79
