-- Automatically generated by TPCDSCollationQueryTestSuite

-- !query output on collated data
104
-- !query output on normalized data
104
