-- Automatically generated by TPCDSCollationQueryTestSuite

-- !query output on collated data
tn	aaaaaaaaaaeaaaaa	51.75	-61.82
tn	aaaaaaaaaandaaaa	131.09	324.87
tn	aaaaaaaaaapbaaaa	50.90	146.62
tn	aaaaaaaaacacaaaa	113.63	89.13
tn	aaaaaaaaacgcaaaa	53.39	37.02
tn	aaaaaaaaackcaaaa	65.49	99.60
tn	aaaaaaaaacpcaaaa	0.00	73.18
tn	aaaaaaaaadacaaaa	132.24	0.00
tn	aaaaaaaaadbbaaaa	211.20	0.00
tn	aaaaaaaaadnaaaaa	202.46	0.00
tn	aaaaaaaaaefcaaaa	45.57	38.18
tn	aaaaaaaaaegeaaaa	-19.57	109.62
tn	aaaaaaaaaelbaaaa	34.98	144.32
tn	aaaaaaaaafbeaaaa	130.26	3.53
tn	aaaaaaaaaffdaaaa	27.12	104.61
tn	aaaaaaaaafjdaaaa	-41.08	0.00
tn	aaaaaaaaafldaaaa	89.24	0.00
tn	aaaaaaaaafodaaaa	16.39	0.00
tn	aaaaaaaaagebaaaa	146.51	20.38
tn	aaaaaaaaagidaaaa	2.84	0.00
tn	aaaaaaaaagldaaaa	-40.82	75.88
tn	aaaaaaaaagpcaaaa	136.76	190.61
tn	aaaaaaaaahbaaaaa	66.92	219.76
tn	aaaaaaaaahpbaaaa	148.73	-316.99
tn	aaaaaaaaaiadaaaa	230.28	132.32
tn	aaaaaaaaaigdaaaa	190.52	0.00
tn	aaaaaaaaaincaaaa	207.61	208.83
tn	aaaaaaaaajhdaaaa	-39.87	215.04
tn	aaaaaaaaajidaaaa	-351.64	142.38
tn	aaaaaaaaajoaaaaa	58.56	0.00
tn	aaaaaaaaakabaaaa	110.04	0.00
tn	aaaaaaaaakfeaaaa	-284.41	91.42
tn	aaaaaaaaalaaaaaa	-4.78	133.34
tn	aaaaaaaaaldcaaaa	39.16	0.00
tn	aaaaaaaaalfeaaaa	27.83	212.44
tn	aaaaaaaaalidaaaa	0.00	118.88
tn	aaaaaaaaaloaaaaa	4.18	0.00
tn	aaaaaaaaalobaaaa	0.00	0.00
tn	aaaaaaaaalpaaaaa	-30.21	10.95
tn	aaaaaaaaamjbaaaa	-24.54	85.92
tn	aaaaaaaaanlcaaaa	84.38	67.38
tn	aaaaaaaaanpaaaaa	74.98	3.48
tn	aaaaaaaaanpdaaaa	484.43	90.58
tn	aaaaaaaaaofaaaaa	0.00	91.90
tn	aaaaaaaaaomdaaaa	188.82	29.34
tn	aaaaaaaaappbaaaa	0.00	146.30
tn	aaaaaaaababcaaaa	252.04	27.49
tn	aaaaaaaabadaaaaa	27.80	35.00
tn	aaaaaaaabagaaaaa	17.30	2.53
tn	aaaaaaaabcccaaaa	-254.31	0.00
tn	aaaaaaaabdcbaaaa	38.34	101.58
tn	aaaaaaaabecdaaaa	223.68	112.52
tn	aaaaaaaabemcaaaa	0.00	160.01
tn	aaaaaaaabgecaaaa	0.00	224.53
tn	aaaaaaaabgibaaaa	105.83	0.00
tn	aaaaaaaabgncaaaa	0.00	72.03
tn	aaaaaaaabhacaaaa	0.00	0.00
tn	aaaaaaaabhpcaaaa	97.28	190.95
tn	aaaaaaaabjfeaaaa	70.68	38.07
tn	aaaaaaaabjmaaaaa	31.23	140.56
tn	aaaaaaaabkebaaaa	133.61	92.51
tn	aaaaaaaablbdaaaa	50.89	37.68
tn	aaaaaaaabledaaaa	-119.59	0.00
tn	aaaaaaaablocaaaa	112.88	62.95
tn	aaaaaaaabmcbaaaa	16.30	70.83
tn	aaaaaaaabmobaaaa	54.02	130.38
tn	aaaaaaaabnebaaaa	48.98	-803.52
tn	aaaaaaaabokdaaaa	0.00	135.88
tn	aaaaaaaabonaaaaa	30.07	213.69
tn	aaaaaaaabppaaaaa	4.77	91.54
tn	aaaaaaaacaceaaaa	244.10	0.00
tn	aaaaaaaacalaaaaa	-832.53	0.00
tn	aaaaaaaacalbaaaa	0.00	-641.98
tn	aaaaaaaacbdbaaaa	45.72	145.13
tn	aaaaaaaacbhbaaaa	102.42	0.00
tn	aaaaaaaacbicaaaa	0.95	85.93
tn	aaaaaaaacbjcaaaa	89.33	143.00
tn	aaaaaaaacbnaaaaa	198.92	133.15
tn	aaaaaaaaccabaaaa	61.26	65.34
tn	aaaaaaaaccjbaaaa	4.84	0.00
tn	aaaaaaaaccpdaaaa	280.66	283.09
tn	aaaaaaaacdecaaaa	-667.40	-693.66
tn	aaaaaaaacdibaaaa	3.73	148.26
tn	aaaaaaaaceacaaaa	0.00	-978.31
tn	aaaaaaaacehdaaaa	66.23	123.74
tn	aaaaaaaaceicaaaa	30.14	117.63
tn	aaaaaaaaceodaaaa	0.00	1.28
tn	aaaaaaaacfkdaaaa	0.00	325.59
tn	aaaaaaaacflcaaaa	13.34	76.65
tn	aaaaaaaacgcbaaaa	-1636.68	167.66
tn	aaaaaaaacgcdaaaa	0.00	8.58
tn	aaaaaaaacgjdaaaa	-422.98	490.30
tn	aaaaaaaacgmaaaaa	142.04	196.75
tn	aaaaaaaachcdaaaa	-936.02	96.99
tn	aaaaaaaaciicaaaa	-175.56	40.39
tn	aaaaaaaacijbaaaa	0.00	16.71
tn	aaaaaaaacimdaaaa	266.31	0.00
tn	aaaaaaaacjbeaaaa	-5.33	22.57
tn	aaaaaaaacjddaaaa	72.37	0.00
tn	aaaaaaaacjgcaaaa	4.59	237.09
-- !query output on normalized data
tn	aaaaaaaaaaeaaaaa	51.75	-61.82
tn	aaaaaaaaaandaaaa	131.09	324.87
tn	aaaaaaaaaapbaaaa	50.90	146.62
tn	aaaaaaaaacacaaaa	113.63	89.13
tn	aaaaaaaaacgcaaaa	53.39	37.02
tn	aaaaaaaaackcaaaa	65.49	99.60
tn	aaaaaaaaacpcaaaa	0.00	73.18
tn	aaaaaaaaadacaaaa	132.24	0.00
tn	aaaaaaaaadbbaaaa	211.20	0.00
tn	aaaaaaaaadnaaaaa	202.46	0.00
tn	aaaaaaaaaefcaaaa	45.57	38.18
tn	aaaaaaaaaegeaaaa	-19.57	109.62
tn	aaaaaaaaaelbaaaa	34.98	144.32
tn	aaaaaaaaafbeaaaa	130.26	3.53
tn	aaaaaaaaaffdaaaa	27.12	104.61
tn	aaaaaaaaafjdaaaa	-41.08	0.00
tn	aaaaaaaaafldaaaa	89.24	0.00
tn	aaaaaaaaafodaaaa	16.39	0.00
tn	aaaaaaaaagebaaaa	146.51	20.38
tn	aaaaaaaaagidaaaa	2.84	0.00
tn	aaaaaaaaagldaaaa	-40.82	75.88
tn	aaaaaaaaagpcaaaa	136.76	190.61
tn	aaaaaaaaahbaaaaa	66.92	219.76
tn	aaaaaaaaahpbaaaa	148.73	-316.99
tn	aaaaaaaaaiadaaaa	230.28	132.32
tn	aaaaaaaaaigdaaaa	190.52	0.00
tn	aaaaaaaaaincaaaa	207.61	208.83
tn	aaaaaaaaajhdaaaa	-39.87	215.04
tn	aaaaaaaaajidaaaa	-351.64	142.38
tn	aaaaaaaaajoaaaaa	58.56	0.00
tn	aaaaaaaaakabaaaa	110.04	0.00
tn	aaaaaaaaakfeaaaa	-284.41	91.42
tn	aaaaaaaaalaaaaaa	-4.78	133.34
tn	aaaaaaaaaldcaaaa	39.16	0.00
tn	aaaaaaaaalfeaaaa	27.83	212.44
tn	aaaaaaaaalidaaaa	0.00	118.88
tn	aaaaaaaaaloaaaaa	4.18	0.00
tn	aaaaaaaaalobaaaa	0.00	0.00
tn	aaaaaaaaalpaaaaa	-30.21	10.95
tn	aaaaaaaaamjbaaaa	-24.54	85.92
tn	aaaaaaaaanlcaaaa	84.38	67.38
tn	aaaaaaaaanpaaaaa	74.98	3.48
tn	aaaaaaaaanpdaaaa	484.43	90.58
tn	aaaaaaaaaofaaaaa	0.00	91.90
tn	aaaaaaaaaomdaaaa	188.82	29.34
tn	aaaaaaaaappbaaaa	0.00	146.30
tn	aaaaaaaababcaaaa	252.04	27.49
tn	aaaaaaaabadaaaaa	27.80	35.00
tn	aaaaaaaabagaaaaa	17.30	2.53
tn	aaaaaaaabcccaaaa	-254.31	0.00
tn	aaaaaaaabdcbaaaa	38.34	101.58
tn	aaaaaaaabecdaaaa	223.68	112.52
tn	aaaaaaaabemcaaaa	0.00	160.01
tn	aaaaaaaabgecaaaa	0.00	224.53
tn	aaaaaaaabgibaaaa	105.83	0.00
tn	aaaaaaaabgncaaaa	0.00	72.03
tn	aaaaaaaabhacaaaa	0.00	0.00
tn	aaaaaaaabhpcaaaa	97.28	190.95
tn	aaaaaaaabjfeaaaa	70.68	38.07
tn	aaaaaaaabjmaaaaa	31.23	140.56
tn	aaaaaaaabkebaaaa	133.61	92.51
tn	aaaaaaaablbdaaaa	50.89	37.68
tn	aaaaaaaabledaaaa	-119.59	0.00
tn	aaaaaaaablocaaaa	112.88	62.95
tn	aaaaaaaabmcbaaaa	16.30	70.83
tn	aaaaaaaabmobaaaa	54.02	130.38
tn	aaaaaaaabnebaaaa	48.98	-803.52
tn	aaaaaaaabokdaaaa	0.00	135.88
tn	aaaaaaaabonaaaaa	30.07	213.69
tn	aaaaaaaabppaaaaa	4.77	91.54
tn	aaaaaaaacaceaaaa	244.10	0.00
tn	aaaaaaaacalaaaaa	-832.53	0.00
tn	aaaaaaaacalbaaaa	0.00	-641.98
tn	aaaaaaaacbdbaaaa	45.72	145.13
tn	aaaaaaaacbhbaaaa	102.42	0.00
tn	aaaaaaaacbicaaaa	0.95	85.93
tn	aaaaaaaacbjcaaaa	89.33	143.00
tn	aaaaaaaacbnaaaaa	198.92	133.15
tn	aaaaaaaaccabaaaa	61.26	65.34
tn	aaaaaaaaccjbaaaa	4.84	0.00
tn	aaaaaaaaccpdaaaa	280.66	283.09
tn	aaaaaaaacdecaaaa	-667.40	-693.66
tn	aaaaaaaacdibaaaa	3.73	148.26
tn	aaaaaaaaceacaaaa	0.00	-978.31
tn	aaaaaaaacehdaaaa	66.23	123.74
tn	aaaaaaaaceicaaaa	30.14	117.63
tn	aaaaaaaaceodaaaa	0.00	1.28
tn	aaaaaaaacfkdaaaa	0.00	325.59
tn	aaaaaaaacflcaaaa	13.34	76.65
tn	aaaaaaaacgcbaaaa	-1636.68	167.66
tn	aaaaaaaacgcdaaaa	0.00	8.58
tn	aaaaaaaacgjdaaaa	-422.98	490.30
tn	aaaaaaaacgmaaaaa	142.04	196.75
tn	aaaaaaaachcdaaaa	-936.02	96.99
tn	aaaaaaaaciicaaaa	-175.56	40.39
tn	aaaaaaaacijbaaaa	0.00	16.71
tn	aaaaaaaacimdaaaa	266.31	0.00
tn	aaaaaaaacjbeaaaa	-5.33	22.57
tn	aaaaaaaacjddaaaa	72.37	0.00
tn	aaaaaaaacjgcaaaa	4.59	237.09
