-- Automatically generated by TPCDSCollationQueryTestSuite

-- !query output on collated data
2000	7	home                                              	494603.64
2000	2	men                                               	390852.57
2000	4	shoes                                             	378230.23
2000	3	children                                          	359411.01
2000	9	books                                             	319480.51
2000	10	electronics                                       	317086.16
2000	8	sports                                            	287853.86
2000	6	jewelry                                           	278786.18
2000	1	women                                             	245897.86
2000	5	music                                             	189405.76
2000	null	null	39507.19
-- !query output on normalized data
2000	7	home                                              	494603.64
2000	2	men                                               	390852.57
2000	4	shoes                                             	378230.23
2000	3	children                                          	359411.01
2000	9	books                                             	319480.51
2000	10	electronics                                       	317086.16
2000	8	sports                                            	287853.86
2000	6	jewelry                                           	278786.18
2000	1	women                                             	245897.86
2000	5	music                                             	189405.76
2000	NULL	NULL	39507.19
