-- Automatically generated by TPCDSCollationQueryTestSuite

-- !query output on collated data
org.apache.spark.sql.catalyst.extendedanalysisexception
{
  "errorclass" : "datatype_mismatch.binary_op_diff_types",
  "sqlstate" : "42k09",
  "messageparameters" : {
    "left" : "\"string collate utf8_binary_lcase\"",
    "right" : "\"string\"",
    "sqlexpr" : "\"(d_day_name = sunday)\""
  },
  "querycontext" : [ {
    "objecttype" : "",
    "objectname" : "",
    "startindex" : 55,
    "stopindex" : 75,
    "fragment" : "d_day_name = 'sunday'"
  } ]
}
-- !query output on normalized data
able	aaaaaaaacaaaaaaa	NULL	NULL	NULL	NULL	NULL	NULL	NULL
ation	aaaaaaaahaaaaaaa	NULL	NULL	NULL	NULL	NULL	NULL	NULL
bar	aaaaaaaakaaaaaaa	NULL	NULL	NULL	NULL	NULL	NULL	NULL
eing	aaaaaaaaiaaaaaaa	NULL	NULL	NULL	NULL	NULL	NULL	NULL
ese	aaaaaaaaeaaaaaaa	NULL	NULL	NULL	NULL	NULL	NULL	NULL
ought	aaaaaaaabaaaaaaa	NULL	NULL	NULL	NULL	NULL	NULL	NULL
