-- Automatically generated by TPCDSCollationQueryTestSuite

-- !query output on collated data
able	1	666	cedar spruce	avenue         	suite 10  	midway	williamson county	tn	31904     	78	53	68	63	103
ation	1	405	3rd 	wy             	suite 220 	fairview	williamson county	tn	35709     	71	65	63	43	97
bar	1	71	cedar 	blvd           	suite b   	midway	williamson county	tn	31904     	79	54	43	67	115
eing	1	914	lake 11th	road           	suite t   	midway	williamson county	tn	31904     	82	45	56	49	105
ese	1	120	6th 	lane           	suite b   	midway	williamson county	tn	31904     	63	52	68	43	108
ought	1	32	3rd 	street         	suite 220 	midway	williamson county	tn	31904     	75	63	51	51	99
-- !query output on normalized data
able	1	666	cedar spruce	avenue         	suite 10  	midway	williamson county	tn	31904     	78	53	68	63	103
ation	1	405	3rd 	wy             	suite 220 	fairview	williamson county	tn	35709     	71	65	63	43	97
bar	1	71	cedar 	blvd           	suite b   	midway	williamson county	tn	31904     	79	54	43	67	115
eing	1	914	lake 11th	road           	suite t   	midway	williamson county	tn	31904     	82	45	56	49	105
ese	1	120	6th 	lane           	suite b   	midway	williamson county	tn	31904     	63	52	68	43	108
ought	1	32	3rd 	street         	suite 220 	midway	williamson county	tn	31904     	75	63	51	51	99
