-- Automatically generated by TPCDSCollationQueryTestSuite

-- !query output on collated data
8	2000-01-16	null	20.83	35.36	20.83
8	2000-01-18	83.21	null	83.21	20.83
8	2000-02-11	null	69.88	83.21	69.88
14	2000-01-14	null	31.65	183.58	31.65
14	2000-01-29	null	63.92	183.58	63.92
14	2000-02-10	null	103.12	183.58	103.12
14	2000-02-15	null	157.03	183.58	157.03
14	2000-02-16	null	183.40	183.58	183.40
17	2000-05-24	439.75	null	439.75	398.92
17	2000-06-09	null	407.77	439.75	407.77
17	2000-06-13	null	408.53	439.75	408.53
26	2000-01-14	124.68	null	124.68	61.34
26	2000-01-29	null	72.77	124.68	72.77
26	2000-02-06	126.41	null	126.41	72.77
29	2000-02-05	160.79	null	160.79	141.46
29	2000-02-06	167.35	null	167.35	141.46
29	2000-02-07	214.40	null	214.40	141.46
29	2000-02-15	null	164.35	214.40	164.35
29	2000-02-18	null	172.82	214.40	172.82
32	2000-01-21	59.48	null	59.48	6.20
32	2000-01-25	null	10.50	59.48	10.50
32	2000-02-03	null	38.01	59.48	38.01
32	2000-02-09	109.67	null	109.67	38.01
32	2000-02-23	null	43.04	109.67	43.04
32	2000-02-26	null	81.08	109.67	81.08
32	2000-03-05	null	99.43	109.67	99.43
32	2000-03-06	null	99.43	109.67	99.43
43	2000-04-09	172.09	null	172.09	169.55
43	2000-04-23	257.19	null	257.19	207.76
43	2000-04-24	272.83	null	272.83	207.76
43	2000-05-15	null	221.70	272.83	221.70
44	2000-01-02	75.87	26.58	75.87	26.58
44	2000-01-05	125.14	null	125.14	26.58
47	2000-02-14	148.00	null	148.00	74.22
61	2000-01-19	140.35	75.64	140.35	75.64
61	2000-01-28	231.75	null	231.75	75.64
61	2000-02-04	null	156.79	231.75	156.79
61	2000-02-27	null	224.70	231.75	224.70
67	2000-01-01	88.63	46.38	88.63	46.38
67	2000-01-02	null	53.21	88.63	53.21
67	2000-01-04	185.14	100.85	185.14	100.85
67	2000-01-29	309.98	null	309.98	100.85
67	2000-02-14	null	148.29	309.98	148.29
67	2000-02-20	null	174.01	309.98	174.01
67	2000-03-05	null	199.85	309.98	199.85
67	2000-03-07	null	284.98	309.98	284.98
74	2000-01-06	71.82	null	71.82	9.01
80	2000-03-16	null	67.38	169.88	67.38
80	2000-04-10	null	137.63	169.88	137.63
80	2000-07-01	309.57	null	309.57	273.52
80	2000-07-02	455.94	null	455.94	273.52
80	2000-07-25	null	443.48	455.94	443.48
80	2000-08-04	null	443.48	455.94	443.48
82	2000-01-01	85.75	64.27	85.75	64.27
83	2000-01-08	134.96	null	134.96	8.10
83	2000-02-01	null	52.54	134.96	52.54
83	2000-02-27	null	76.22	134.96	76.22
83	2000-03-01	null	112.53	134.96	112.53
83	2000-03-02	248.36	null	248.36	112.53
83	2000-03-05	null	118.07	248.36	118.07
83	2000-03-16	250.29	null	250.29	118.07
83	2000-03-19	null	163.65	250.29	163.65
83	2000-04-07	289.65	null	289.65	163.65
83	2000-04-08	null	201.68	289.65	201.68
83	2000-04-10	357.89	null	357.89	201.68
83	2000-04-20	364.69	null	364.69	201.68
83	2000-04-26	371.15	null	371.15	201.68
83	2000-05-06	null	206.29	371.15	206.29
83	2000-05-27	null	228.07	371.15	228.07
83	2000-06-06	393.25	null	393.25	228.07
83	2000-06-09	null	235.88	393.25	235.88
83	2000-06-10	null	299.68	393.25	299.68
85	2000-01-16	48.36	null	48.36	42.45
85	2000-01-18	null	47.47	48.36	47.47
85	2000-02-02	126.73	null	126.73	47.47
85	2000-04-01	null	47.47	126.73	47.47
85	2000-04-08	null	58.91	126.73	58.91
85	2000-04-15	null	69.74	126.73	69.74
85	2000-05-01	null	93.80	126.73	93.80
86	2000-01-16	null	19.92	38.25	19.92
86	2000-01-17	null	34.32	38.25	34.32
86	2000-05-06	257.78	null	257.78	204.60
86	2000-05-08	null	222.06	257.78	222.06
86	2000-05-12	null	235.00	257.78	235.00
89	2000-02-01	143.30	null	143.30	125.19
89	2000-02-11	273.46	null	273.46	125.19
89	2000-03-01	null	131.53	273.46	131.53
89	2000-03-24	null	200.30	273.46	200.30
89	2000-04-04	null	212.25	273.46	212.25
89	2000-04-05	null	265.57	273.46	265.57
97	2000-01-22	114.93	null	114.93	55.81
97	2000-01-31	null	60.35	114.93	60.35
97	2000-03-07	263.86	null	263.86	220.68
98	2000-02-10	null	1.04	42.10	1.04
98	2000-02-23	44.27	null	44.27	1.04
98	2000-02-24	274.58	null	274.58	1.04
98	2000-02-29	301.60	null	301.60	1.04
98	2000-03-13	309.78	null	309.78	1.04
98	2000-03-17	335.79	null	335.79	1.04
98	2000-03-27	null	37.67	335.79	37.67
-- !query output on normalized data
8	2000-01-16	NULL	20.83	35.36	20.83
8	2000-01-18	83.21	NULL	83.21	20.83
8	2000-02-11	NULL	69.88	83.21	69.88
14	2000-01-14	NULL	31.65	183.58	31.65
14	2000-01-29	NULL	63.92	183.58	63.92
14	2000-02-10	NULL	103.12	183.58	103.12
14	2000-02-15	NULL	157.03	183.58	157.03
14	2000-02-16	NULL	183.40	183.58	183.40
17	2000-05-24	439.75	NULL	439.75	398.92
17	2000-06-09	NULL	407.77	439.75	407.77
17	2000-06-13	NULL	408.53	439.75	408.53
26	2000-01-14	124.68	NULL	124.68	61.34
26	2000-01-29	NULL	72.77	124.68	72.77
26	2000-02-06	126.41	NULL	126.41	72.77
29	2000-02-05	160.79	NULL	160.79	141.46
29	2000-02-06	167.35	NULL	167.35	141.46
29	2000-02-07	214.40	NULL	214.40	141.46
29	2000-02-15	NULL	164.35	214.40	164.35
29	2000-02-18	NULL	172.82	214.40	172.82
32	2000-01-21	59.48	NULL	59.48	6.20
32	2000-01-25	NULL	10.50	59.48	10.50
32	2000-02-03	NULL	38.01	59.48	38.01
32	2000-02-09	109.67	NULL	109.67	38.01
32	2000-02-23	NULL	43.04	109.67	43.04
32	2000-02-26	NULL	81.08	109.67	81.08
32	2000-03-05	NULL	99.43	109.67	99.43
32	2000-03-06	NULL	99.43	109.67	99.43
43	2000-04-09	172.09	NULL	172.09	169.55
43	2000-04-23	257.19	NULL	257.19	207.76
43	2000-04-24	272.83	NULL	272.83	207.76
43	2000-05-15	NULL	221.70	272.83	221.70
44	2000-01-02	75.87	26.58	75.87	26.58
44	2000-01-05	125.14	NULL	125.14	26.58
47	2000-02-14	148.00	NULL	148.00	74.22
61	2000-01-19	140.35	75.64	140.35	75.64
61	2000-01-28	231.75	NULL	231.75	75.64
61	2000-02-04	NULL	156.79	231.75	156.79
61	2000-02-27	NULL	224.70	231.75	224.70
67	2000-01-01	88.63	46.38	88.63	46.38
67	2000-01-02	NULL	53.21	88.63	53.21
67	2000-01-04	185.14	100.85	185.14	100.85
67	2000-01-29	309.98	NULL	309.98	100.85
67	2000-02-14	NULL	148.29	309.98	148.29
67	2000-02-20	NULL	174.01	309.98	174.01
67	2000-03-05	NULL	199.85	309.98	199.85
67	2000-03-07	NULL	284.98	309.98	284.98
74	2000-01-06	71.82	NULL	71.82	9.01
80	2000-03-16	NULL	67.38	169.88	67.38
80	2000-04-10	NULL	137.63	169.88	137.63
80	2000-07-01	309.57	NULL	309.57	273.52
80	2000-07-02	455.94	NULL	455.94	273.52
80	2000-07-25	NULL	443.48	455.94	443.48
80	2000-08-04	NULL	443.48	455.94	443.48
82	2000-01-01	85.75	64.27	85.75	64.27
83	2000-01-08	134.96	NULL	134.96	8.10
83	2000-02-01	NULL	52.54	134.96	52.54
83	2000-02-27	NULL	76.22	134.96	76.22
83	2000-03-01	NULL	112.53	134.96	112.53
83	2000-03-02	248.36	NULL	248.36	112.53
83	2000-03-05	NULL	118.07	248.36	118.07
83	2000-03-16	250.29	NULL	250.29	118.07
83	2000-03-19	NULL	163.65	250.29	163.65
83	2000-04-07	289.65	NULL	289.65	163.65
83	2000-04-08	NULL	201.68	289.65	201.68
83	2000-04-10	357.89	NULL	357.89	201.68
83	2000-04-20	364.69	NULL	364.69	201.68
83	2000-04-26	371.15	NULL	371.15	201.68
83	2000-05-06	NULL	206.29	371.15	206.29
83	2000-05-27	NULL	228.07	371.15	228.07
83	2000-06-06	393.25	NULL	393.25	228.07
83	2000-06-09	NULL	235.88	393.25	235.88
83	2000-06-10	NULL	299.68	393.25	299.68
85	2000-01-16	48.36	NULL	48.36	42.45
85	2000-01-18	NULL	47.47	48.36	47.47
85	2000-02-02	126.73	NULL	126.73	47.47
85	2000-04-01	NULL	47.47	126.73	47.47
85	2000-04-08	NULL	58.91	126.73	58.91
85	2000-04-15	NULL	69.74	126.73	69.74
85	2000-05-01	NULL	93.80	126.73	93.80
86	2000-01-16	NULL	19.92	38.25	19.92
86	2000-01-17	NULL	34.32	38.25	34.32
86	2000-05-06	257.78	NULL	257.78	204.60
86	2000-05-08	NULL	222.06	257.78	222.06
86	2000-05-12	NULL	235.00	257.78	235.00
89	2000-02-01	143.30	NULL	143.30	125.19
89	2000-02-11	273.46	NULL	273.46	125.19
89	2000-03-01	NULL	131.53	273.46	131.53
89	2000-03-24	NULL	200.30	273.46	200.30
89	2000-04-04	NULL	212.25	273.46	212.25
89	2000-04-05	NULL	265.57	273.46	265.57
97	2000-01-22	114.93	NULL	114.93	55.81
97	2000-01-31	NULL	60.35	114.93	60.35
97	2000-03-07	263.86	NULL	263.86	220.68
98	2000-02-10	NULL	1.04	42.10	1.04
98	2000-02-23	44.27	NULL	44.27	1.04
98	2000-02-24	274.58	NULL	274.58	1.04
98	2000-02-29	301.60	NULL	301.60	1.04
98	2000-03-13	309.78	NULL	309.78	1.04
98	2000-03-17	335.79	NULL	335.79	1.04
98	2000-03-27	NULL	37.67	335.79	37.67
