-- Automatically generated by TPCDSCollationQueryTestSuite

-- !query output on collated data
aaaaaaaaoehbaaaa	4202.05	11.64402731132023188	3952.65	10.95293120074485419	3874.50	10.73637482126824727	4009.733333
-- !query output on normalized data
aaaaaaaaoehbaaaa	4202.05	11.64402731132023188	3952.65	10.95293120074485419	3874.50	10.73637482126824727	4009.733333
