-- Automatically generated by TPCDSCollationQueryTestSuite

-- !query output on collated data
org.apache.spark.sql.catalyst.extendedanalysisexception
{
  "errorclass" : "datatype_mismatch.binary_op_diff_types",
  "sqlstate" : "42k09",
  "messageparameters" : {
    "left" : "\"string collate utf8_binary_lcase\"",
    "right" : "\"string\"",
    "sqlexpr" : "\"(d_day_name = sunday)\""
  },
  "querycontext" : [ {
    "objecttype" : "",
    "objectname" : "",
    "startindex" : 73,
    "stopindex" : 93,
    "fragment" : "d_day_name = 'sunday'"
  } ]
}
-- !query output on normalized data
able	aaaaaaaacaaaaaaa	5271	NULL	NULL	NULL	NULL	NULL	NULL	NULL
able	aaaaaaaacaaaaaaa	5271	NULL	NULL	NULL	NULL	NULL	NULL	NULL
able	aaaaaaaacaaaaaaa	5271	NULL	NULL	NULL	NULL	NULL	NULL	NULL
able	aaaaaaaacaaaaaaa	5271	NULL	NULL	NULL	NULL	NULL	NULL	NULL
able	aaaaaaaacaaaaaaa	5271	NULL	NULL	NULL	NULL	NULL	NULL	NULL
able	aaaaaaaacaaaaaaa	5271	NULL	NULL	NULL	NULL	NULL	NULL	NULL
able	aaaaaaaacaaaaaaa	5271	NULL	NULL	NULL	NULL	NULL	NULL	NULL
able	aaaaaaaacaaaaaaa	5271	NULL	NULL	NULL	NULL	NULL	NULL	NULL
able	aaaaaaaacaaaaaaa	5271	NULL	NULL	NULL	NULL	NULL	NULL	NULL
able	aaaaaaaacaaaaaaa	5271	NULL	NULL	NULL	NULL	NULL	NULL	NULL
able	aaaaaaaacaaaaaaa	5271	NULL	NULL	NULL	NULL	NULL	NULL	NULL
able	aaaaaaaacaaaaaaa	5271	NULL	NULL	NULL	NULL	NULL	NULL	NULL
able	aaaaaaaacaaaaaaa	5271	NULL	NULL	NULL	NULL	NULL	NULL	NULL
able	aaaaaaaacaaaaaaa	5271	NULL	NULL	NULL	NULL	NULL	NULL	NULL
able	aaaaaaaacaaaaaaa	5271	NULL	NULL	NULL	NULL	NULL	NULL	NULL
able	aaaaaaaacaaaaaaa	5271	NULL	NULL	NULL	NULL	NULL	NULL	NULL
able	aaaaaaaacaaaaaaa	5271	NULL	NULL	NULL	NULL	NULL	NULL	NULL
able	aaaaaaaacaaaaaaa	5271	NULL	NULL	NULL	NULL	NULL	NULL	NULL
able	aaaaaaaacaaaaaaa	5271	NULL	NULL	NULL	NULL	NULL	NULL	NULL
able	aaaaaaaacaaaaaaa	5271	NULL	NULL	NULL	NULL	NULL	NULL	NULL
able	aaaaaaaacaaaaaaa	5271	NULL	NULL	NULL	NULL	NULL	NULL	NULL
able	aaaaaaaacaaaaaaa	5271	NULL	NULL	NULL	NULL	NULL	NULL	NULL
able	aaaaaaaacaaaaaaa	5271	NULL	NULL	NULL	NULL	NULL	NULL	NULL
able	aaaaaaaacaaaaaaa	5271	NULL	NULL	NULL	NULL	NULL	NULL	NULL
able	aaaaaaaacaaaaaaa	5271	NULL	NULL	NULL	NULL	NULL	NULL	NULL
able	aaaaaaaacaaaaaaa	5271	NULL	NULL	NULL	NULL	NULL	NULL	NULL
able	aaaaaaaacaaaaaaa	5271	NULL	NULL	NULL	NULL	NULL	NULL	NULL
able	aaaaaaaacaaaaaaa	5271	NULL	NULL	NULL	NULL	NULL	NULL	NULL
able	aaaaaaaacaaaaaaa	5271	NULL	NULL	NULL	NULL	NULL	NULL	NULL
able	aaaaaaaacaaaaaaa	5271	NULL	NULL	NULL	NULL	NULL	NULL	NULL
able	aaaaaaaacaaaaaaa	5271	NULL	NULL	NULL	NULL	NULL	NULL	NULL
able	aaaaaaaacaaaaaaa	5271	NULL	NULL	NULL	NULL	NULL	NULL	NULL
able	aaaaaaaacaaaaaaa	5271	NULL	NULL	NULL	NULL	NULL	NULL	NULL
able	aaaaaaaacaaaaaaa	5271	NULL	NULL	NULL	NULL	NULL	NULL	NULL
able	aaaaaaaacaaaaaaa	5271	NULL	NULL	NULL	NULL	NULL	NULL	NULL
able	aaaaaaaacaaaaaaa	5271	NULL	NULL	NULL	NULL	NULL	NULL	NULL
able	aaaaaaaacaaaaaaa	5271	NULL	NULL	NULL	NULL	NULL	NULL	NULL
able	aaaaaaaacaaaaaaa	5271	NULL	NULL	NULL	NULL	NULL	NULL	NULL
able	aaaaaaaacaaaaaaa	5271	NULL	NULL	NULL	NULL	NULL	NULL	NULL
able	aaaaaaaacaaaaaaa	5271	NULL	NULL	NULL	NULL	NULL	NULL	NULL
able	aaaaaaaacaaaaaaa	5271	NULL	NULL	NULL	NULL	NULL	NULL	NULL
able	aaaaaaaacaaaaaaa	5271	NULL	NULL	NULL	NULL	NULL	NULL	NULL
able	aaaaaaaacaaaaaaa	5271	NULL	NULL	NULL	NULL	NULL	NULL	NULL
able	aaaaaaaacaaaaaaa	5271	NULL	NULL	NULL	NULL	NULL	NULL	NULL
able	aaaaaaaacaaaaaaa	5271	NULL	NULL	NULL	NULL	NULL	NULL	NULL
able	aaaaaaaacaaaaaaa	5271	NULL	NULL	NULL	NULL	NULL	NULL	NULL
able	aaaaaaaacaaaaaaa	5271	NULL	NULL	NULL	NULL	NULL	NULL	NULL
able	aaaaaaaacaaaaaaa	5271	NULL	NULL	NULL	NULL	NULL	NULL	NULL
able	aaaaaaaacaaaaaaa	5271	NULL	NULL	NULL	NULL	NULL	NULL	NULL
able	aaaaaaaacaaaaaaa	5272	NULL	NULL	NULL	NULL	NULL	NULL	NULL
able	aaaaaaaacaaaaaaa	5272	NULL	NULL	NULL	NULL	NULL	NULL	NULL
able	aaaaaaaacaaaaaaa	5272	NULL	NULL	NULL	NULL	NULL	NULL	NULL
able	aaaaaaaacaaaaaaa	5272	NULL	NULL	NULL	NULL	NULL	NULL	NULL
able	aaaaaaaacaaaaaaa	5272	NULL	NULL	NULL	NULL	NULL	NULL	NULL
able	aaaaaaaacaaaaaaa	5272	NULL	NULL	NULL	NULL	NULL	NULL	NULL
able	aaaaaaaacaaaaaaa	5272	NULL	NULL	NULL	NULL	NULL	NULL	NULL
able	aaaaaaaacaaaaaaa	5272	NULL	NULL	NULL	NULL	NULL	NULL	NULL
able	aaaaaaaacaaaaaaa	5272	NULL	NULL	NULL	NULL	NULL	NULL	NULL
able	aaaaaaaacaaaaaaa	5272	NULL	NULL	NULL	NULL	NULL	NULL	NULL
able	aaaaaaaacaaaaaaa	5272	NULL	NULL	NULL	NULL	NULL	NULL	NULL
able	aaaaaaaacaaaaaaa	5272	NULL	NULL	NULL	NULL	NULL	NULL	NULL
able	aaaaaaaacaaaaaaa	5272	NULL	NULL	NULL	NULL	NULL	NULL	NULL
able	aaaaaaaacaaaaaaa	5272	NULL	NULL	NULL	NULL	NULL	NULL	NULL
able	aaaaaaaacaaaaaaa	5272	NULL	NULL	NULL	NULL	NULL	NULL	NULL
able	aaaaaaaacaaaaaaa	5272	NULL	NULL	NULL	NULL	NULL	NULL	NULL
able	aaaaaaaacaaaaaaa	5272	NULL	NULL	NULL	NULL	NULL	NULL	NULL
able	aaaaaaaacaaaaaaa	5272	NULL	NULL	NULL	NULL	NULL	NULL	NULL
able	aaaaaaaacaaaaaaa	5272	NULL	NULL	NULL	NULL	NULL	NULL	NULL
able	aaaaaaaacaaaaaaa	5272	NULL	NULL	NULL	NULL	NULL	NULL	NULL
able	aaaaaaaacaaaaaaa	5272	NULL	NULL	NULL	NULL	NULL	NULL	NULL
able	aaaaaaaacaaaaaaa	5272	NULL	NULL	NULL	NULL	NULL	NULL	NULL
able	aaaaaaaacaaaaaaa	5272	NULL	NULL	NULL	NULL	NULL	NULL	NULL
able	aaaaaaaacaaaaaaa	5272	NULL	NULL	NULL	NULL	NULL	NULL	NULL
able	aaaaaaaacaaaaaaa	5272	NULL	NULL	NULL	NULL	NULL	NULL	NULL
able	aaaaaaaacaaaaaaa	5272	NULL	NULL	NULL	NULL	NULL	NULL	NULL
able	aaaaaaaacaaaaaaa	5272	NULL	NULL	NULL	NULL	NULL	NULL	NULL
able	aaaaaaaacaaaaaaa	5272	NULL	NULL	NULL	NULL	NULL	NULL	NULL
able	aaaaaaaacaaaaaaa	5272	NULL	NULL	NULL	NULL	NULL	NULL	NULL
able	aaaaaaaacaaaaaaa	5272	NULL	NULL	NULL	NULL	NULL	NULL	NULL
able	aaaaaaaacaaaaaaa	5272	NULL	NULL	NULL	NULL	NULL	NULL	NULL
able	aaaaaaaacaaaaaaa	5272	NULL	NULL	NULL	NULL	NULL	NULL	NULL
able	aaaaaaaacaaaaaaa	5272	NULL	NULL	NULL	NULL	NULL	NULL	NULL
able	aaaaaaaacaaaaaaa	5272	NULL	NULL	NULL	NULL	NULL	NULL	NULL
able	aaaaaaaacaaaaaaa	5272	NULL	NULL	NULL	NULL	NULL	NULL	NULL
able	aaaaaaaacaaaaaaa	5272	NULL	NULL	NULL	NULL	NULL	NULL	NULL
able	aaaaaaaacaaaaaaa	5272	NULL	NULL	NULL	NULL	NULL	NULL	NULL
able	aaaaaaaacaaaaaaa	5272	NULL	NULL	NULL	NULL	NULL	NULL	NULL
able	aaaaaaaacaaaaaaa	5272	NULL	NULL	NULL	NULL	NULL	NULL	NULL
able	aaaaaaaacaaaaaaa	5272	NULL	NULL	NULL	NULL	NULL	NULL	NULL
able	aaaaaaaacaaaaaaa	5272	NULL	NULL	NULL	NULL	NULL	NULL	NULL
able	aaaaaaaacaaaaaaa	5272	NULL	NULL	NULL	NULL	NULL	NULL	NULL
able	aaaaaaaacaaaaaaa	5272	NULL	NULL	NULL	NULL	NULL	NULL	NULL
able	aaaaaaaacaaaaaaa	5272	NULL	NULL	NULL	NULL	NULL	NULL	NULL
able	aaaaaaaacaaaaaaa	5272	NULL	NULL	NULL	NULL	NULL	NULL	NULL
able	aaaaaaaacaaaaaaa	5272	NULL	NULL	NULL	NULL	NULL	NULL	NULL
able	aaaaaaaacaaaaaaa	5272	NULL	NULL	NULL	NULL	NULL	NULL	NULL
able	aaaaaaaacaaaaaaa	5272	NULL	NULL	NULL	NULL	NULL	NULL	NULL
able	aaaaaaaacaaaaaaa	5272	NULL	NULL	NULL	NULL	NULL	NULL	NULL
able	aaaaaaaacaaaaaaa	5273	NULL	NULL	NULL	NULL	NULL	NULL	NULL
able	aaaaaaaacaaaaaaa	5273	NULL	NULL	NULL	NULL	NULL	NULL	NULL
