-- Automatically generated by TPCDSCollationQueryTestSuite

-- !query output on collated data

-- !query output on normalized data

