-- Automatically generated by TPCDSCollationQueryTestSuite

-- !query output on collated data
null	null	null	null	null	null	null	null	672624.93	5
null	null	null	null	null	null	null	null	1328761.89	4
null	null	null	null	null	null	null	null	1867833.60	3
null	null	null	null	null	null	null	null	2951322.99	2
null	null	null	null	null	null	null	null	1012102066.67	1
null	null	null	null	2000	null	null	null	672624.93	5
null	null	null	null	2000	1	null	null	109354.01	39
null	null	null	null	2000	1	1	null	56696.62	88
null	null	null	null	2000	2	null	null	117554.43	24
null	null	null	null	2000	2	6	null	50119.54	93
null	null	null	null	2000	3	null	null	147622.32	12
null	null	null	null	2000	3	8	null	64629.56	85
null	null	null	null	2000	3	9	null	59755.91	86
null	null	null	null	2000	4	null	null	298094.17	7
null	null	null	null	2000	4	10	null	96651.33	58
null	null	null	null	2000	4	10	aaaaaaaakaaaaaaa	41992.37	100
null	null	null	null	2000	4	11	null	110100.01	35
null	null	null	null	2000	4	12	null	91342.83	68
null	null	null	ationesebareing                                   	null	null	null	null	136570.22	16
null	null	null	ationesebareing                                   	2000	null	null	null	136570.22	16
null	null	null	ationesebareing                                   	2000	4	null	null	54262.81	90
null	null	null	eseationablebarought                              	null	null	null	null	106226.70	44
null	null	null	eseationablebarought                              	2000	null	null	null	106226.70	44
null	null	null	eseationablebarought                              	2000	4	null	null	46143.77	96
null	null	null	n stought                                         	null	null	null	null	90518.72	69
null	null	null	n stought                                         	2000	null	null	null	90518.72	69
null	null	null	oughtableantiable                                 	null	null	null	null	96782.30	52
null	null	null	oughtableantiable                                 	2000	null	null	null	96782.30	52
null	null	null	oughtableantiable                                 	2000	4	null	null	49543.67	94
null	null	null	oughtablen stationought                           	null	null	null	null	105616.28	46
null	null	null	oughtablen stationought                           	2000	null	null	null	105616.28	46
null	null	null	oughtablen stationought                           	2000	4	null	null	66351.81	84
null	null	null	oughteseoughtation                                	null	null	null	null	120422.74	22
null	null	null	oughteseoughtation                                	2000	null	null	null	120422.74	22
null	null	null	oughteseoughtation                                	2000	3	null	null	51575.65	92
null	null	null	oughteseoughtation                                	2000	4	null	null	53356.26	91
null	null	brandcorp #x                                      	null	null	null	null	null	110558.31	32
null	null	brandcorp #x                                      	esepriantieing                                    	null	null	null	null	110558.31	32
null	null	brandcorp #x                                      	esepriantieing                                    	2000	null	null	null	110558.31	32
null	null	brandcorp #x                                      	esepriantieing                                    	2000	4	null	null	57539.32	87
null	null	corpamalgamalg #x                                 	null	null	null	null	null	178041.47	9
null	null	corpamalgamalg #x                                 	callyationationantiought                          	null	null	null	null	178041.47	9
null	null	corpamalgamalg #x                                 	callyationationantiought                          	2000	null	null	null	178041.47	9
null	null	corpamalgamalg #x                                 	callyationationantiought                          	2000	4	null	null	92734.16	59
null	null	corpmaxi #x                                       	null	null	null	null	null	140599.56	13
null	null	corpmaxi #x                                       	callyeingpri                                      	null	null	null	null	140599.56	13
null	null	corpmaxi #x                                       	callyeingpri                                      	2000	null	null	null	140599.56	13
null	null	corpmaxi #x                                       	callyeingpri                                      	2000	4	null	null	68417.63	83
null	null	corpmaxi #x                                       	callyeingpri                                      	2000	4	11	null	44322.49	99
null	null	importoamalg #x                                   	null	null	null	null	null	109872.37	36
null	null	importoamalg #x                                   	null	null	null	null	null	109872.37	36
null	null	importoamalg #x                                   	null	2000	null	null	null	109872.37	36
null	accessories                                       	null	null	null	null	null	null	102003.04	48
null	accessories                                       	null	null	null	null	null	null	102003.04	48
null	accessories                                       	null	prin stn stoughtought                             	null	null	null	null	102003.04	48
null	accessories                                       	null	prin stn stoughtought                             	2000	null	null	null	102003.04	48
null	accessories                                       	null	prin stn stoughtought                             	2000	4	null	null	56122.71	89
null	athletic                                          	null	null	null	null	null	null	72722.46	79
null	athletic                                          	null	null	null	null	null	null	72722.46	79
null	athletic                                          	null	null	null	null	null	null	72722.46	79
null	athletic                                          	null	null	2000	null	null	null	72722.46	79
null	baseball                                          	null	null	null	null	null	null	96654.08	54
null	baseball                                          	null	null	null	null	null	null	96654.08	54
null	baseball                                          	null	null	null	null	null	null	96654.08	54
null	baseball                                          	null	null	2000	null	null	null	96654.08	54
null	baseball                                          	null	null	2000	3	null	null	44473.92	98
null	country                                           	null	null	null	null	null	null	114628.36	25
null	country                                           	importoscholar #x                                 	null	null	null	null	null	114628.36	25
null	country                                           	importoscholar #x                                 	null	null	null	null	null	114628.36	25
null	country                                           	importoscholar #x                                 	null	2000	null	null	null	114628.36	25
null	country                                           	importoscholar #x                                 	null	2000	4	null	null	44753.51	97
null	dresses                                           	null	null	null	null	null	null	77687.53	72
null	dresses                                           	null	null	null	null	null	null	192205.73	8
null	dresses                                           	null	oughteingantieing                                 	null	null	null	null	77687.53	72
null	dresses                                           	null	oughteingantieing                                 	2000	null	null	null	77687.53	72
null	dresses                                           	amalgamalg #x                                     	null	null	null	null	null	114518.20	29
null	dresses                                           	amalgamalg #x                                     	null	null	null	null	null	114518.20	29
null	dresses                                           	amalgamalg #x                                     	null	2000	null	null	null	114518.20	29
null	dresses                                           	amalgamalg #x                                     	null	2000	4	null	null	49313.59	95
null	guns                                              	null	null	null	null	null	null	92681.88	60
null	guns                                              	null	null	null	null	null	null	92681.88	60
null	guns                                              	null	null	null	null	null	null	92681.88	60
null	guns                                              	null	null	2000	null	null	null	92681.88	60
null	infants                                           	null	null	null	null	null	null	129135.94	18
null	infants                                           	importoexporti #x                                 	null	null	null	null	null	129135.94	18
null	infants                                           	importoexporti #x                                 	antiationeseese                                   	null	null	null	null	129135.94	18
null	infants                                           	importoexporti #x                                 	antiationeseese                                   	2000	null	null	null	129135.94	18
null	infants                                           	importoexporti #x                                 	antiationeseese                                   	2000	4	null	null	80824.80	71
null	lighting                                          	null	null	null	null	null	null	107477.64	40
null	lighting                                          	null	null	null	null	null	null	107477.64	40
null	lighting                                          	null	null	null	null	null	null	107477.64	40
null	lighting                                          	null	null	2000	null	null	null	107477.64	40
null	mens                                              	null	null	null	null	null	null	91415.81	64
null	mens                                              	importoedu pack #x                                	null	null	null	null	null	91415.81	64
null	mens                                              	importoedu pack #x                                	oughtablen steseought                             	null	null	null	null	91415.81	64
null	mens                                              	importoedu pack #x                                	oughtablen steseought                             	2000	null	null	null	91415.81	64
null	shirts                                            	null	null	null	null	null	null	72876.08	75
null	shirts                                            	null	null	null	null	null	null	72876.08	75
null	shirts                                            	null	oughtcallyeseantiought                            	null	null	null	null	72876.08	75
null	shirts                                            	null	oughtcallyeseantiought                            	2000	null	null	null	72876.08	75
-- !query output on normalized data
NULL	NULL	NULL	NULL	NULL	NULL	NULL	NULL	672624.93	5
NULL	NULL	NULL	NULL	NULL	NULL	NULL	NULL	1328761.89	4
NULL	NULL	NULL	NULL	NULL	NULL	NULL	NULL	1867833.60	3
NULL	NULL	NULL	NULL	NULL	NULL	NULL	NULL	2951322.99	2
NULL	NULL	NULL	NULL	NULL	NULL	NULL	NULL	1012102066.67	1
NULL	NULL	NULL	NULL	2000	NULL	NULL	NULL	672624.93	5
NULL	NULL	NULL	NULL	2000	1	NULL	NULL	109354.01	39
NULL	NULL	NULL	NULL	2000	1	1	NULL	56696.62	88
NULL	NULL	NULL	NULL	2000	2	NULL	NULL	117554.43	24
NULL	NULL	NULL	NULL	2000	2	6	NULL	50119.54	93
NULL	NULL	NULL	NULL	2000	3	NULL	NULL	147622.32	12
NULL	NULL	NULL	NULL	2000	3	8	NULL	64629.56	85
NULL	NULL	NULL	NULL	2000	3	9	NULL	59755.91	86
NULL	NULL	NULL	NULL	2000	4	NULL	NULL	298094.17	7
NULL	NULL	NULL	NULL	2000	4	10	NULL	96651.33	58
NULL	NULL	NULL	NULL	2000	4	10	aaaaaaaakaaaaaaa	41992.37	100
NULL	NULL	NULL	NULL	2000	4	11	NULL	110100.01	35
NULL	NULL	NULL	NULL	2000	4	12	NULL	91342.83	68
NULL	NULL	NULL	ationesebareing                                   	NULL	NULL	NULL	NULL	136570.22	16
NULL	NULL	NULL	ationesebareing                                   	2000	NULL	NULL	NULL	136570.22	16
NULL	NULL	NULL	ationesebareing                                   	2000	4	NULL	NULL	54262.81	90
NULL	NULL	NULL	eseationablebarought                              	NULL	NULL	NULL	NULL	106226.70	44
NULL	NULL	NULL	eseationablebarought                              	2000	NULL	NULL	NULL	106226.70	44
NULL	NULL	NULL	eseationablebarought                              	2000	4	NULL	NULL	46143.77	96
NULL	NULL	NULL	n stought                                         	NULL	NULL	NULL	NULL	90518.72	69
NULL	NULL	NULL	n stought                                         	2000	NULL	NULL	NULL	90518.72	69
NULL	NULL	NULL	oughtableantiable                                 	NULL	NULL	NULL	NULL	96782.30	52
NULL	NULL	NULL	oughtableantiable                                 	2000	NULL	NULL	NULL	96782.30	52
NULL	NULL	NULL	oughtableantiable                                 	2000	4	NULL	NULL	49543.67	94
NULL	NULL	NULL	oughtablen stationought                           	NULL	NULL	NULL	NULL	105616.28	46
NULL	NULL	NULL	oughtablen stationought                           	2000	NULL	NULL	NULL	105616.28	46
NULL	NULL	NULL	oughtablen stationought                           	2000	4	NULL	NULL	66351.81	84
NULL	NULL	NULL	oughteseoughtation                                	NULL	NULL	NULL	NULL	120422.74	22
NULL	NULL	NULL	oughteseoughtation                                	2000	NULL	NULL	NULL	120422.74	22
NULL	NULL	NULL	oughteseoughtation                                	2000	3	NULL	NULL	51575.65	92
NULL	NULL	NULL	oughteseoughtation                                	2000	4	NULL	NULL	53356.26	91
NULL	NULL	brandcorp #x                                      	NULL	NULL	NULL	NULL	NULL	110558.31	32
NULL	NULL	brandcorp #x                                      	esepriantieing                                    	NULL	NULL	NULL	NULL	110558.31	32
NULL	NULL	brandcorp #x                                      	esepriantieing                                    	2000	NULL	NULL	NULL	110558.31	32
NULL	NULL	brandcorp #x                                      	esepriantieing                                    	2000	4	NULL	NULL	57539.32	87
NULL	NULL	corpamalgamalg #x                                 	NULL	NULL	NULL	NULL	NULL	178041.47	9
NULL	NULL	corpamalgamalg #x                                 	callyationationantiought                          	NULL	NULL	NULL	NULL	178041.47	9
NULL	NULL	corpamalgamalg #x                                 	callyationationantiought                          	2000	NULL	NULL	NULL	178041.47	9
NULL	NULL	corpamalgamalg #x                                 	callyationationantiought                          	2000	4	NULL	NULL	92734.16	59
NULL	NULL	corpmaxi #x                                       	NULL	NULL	NULL	NULL	NULL	140599.56	13
NULL	NULL	corpmaxi #x                                       	callyeingpri                                      	NULL	NULL	NULL	NULL	140599.56	13
NULL	NULL	corpmaxi #x                                       	callyeingpri                                      	2000	NULL	NULL	NULL	140599.56	13
NULL	NULL	corpmaxi #x                                       	callyeingpri                                      	2000	4	NULL	NULL	68417.63	83
NULL	NULL	corpmaxi #x                                       	callyeingpri                                      	2000	4	11	NULL	44322.49	99
NULL	NULL	importoamalg #x                                   	NULL	NULL	NULL	NULL	NULL	109872.37	36
NULL	NULL	importoamalg #x                                   	NULL	NULL	NULL	NULL	NULL	109872.37	36
NULL	NULL	importoamalg #x                                   	NULL	2000	NULL	NULL	NULL	109872.37	36
NULL	accessories                                       	NULL	NULL	NULL	NULL	NULL	NULL	102003.04	48
NULL	accessories                                       	NULL	NULL	NULL	NULL	NULL	NULL	102003.04	48
NULL	accessories                                       	NULL	prin stn stoughtought                             	NULL	NULL	NULL	NULL	102003.04	48
NULL	accessories                                       	NULL	prin stn stoughtought                             	2000	NULL	NULL	NULL	102003.04	48
NULL	accessories                                       	NULL	prin stn stoughtought                             	2000	4	NULL	NULL	56122.71	89
NULL	athletic                                          	NULL	NULL	NULL	NULL	NULL	NULL	72722.46	79
NULL	athletic                                          	NULL	NULL	NULL	NULL	NULL	NULL	72722.46	79
NULL	athletic                                          	NULL	NULL	NULL	NULL	NULL	NULL	72722.46	79
NULL	athletic                                          	NULL	NULL	2000	NULL	NULL	NULL	72722.46	79
NULL	baseball                                          	NULL	NULL	NULL	NULL	NULL	NULL	96654.08	54
NULL	baseball                                          	NULL	NULL	NULL	NULL	NULL	NULL	96654.08	54
NULL	baseball                                          	NULL	NULL	NULL	NULL	NULL	NULL	96654.08	54
NULL	baseball                                          	NULL	NULL	2000	NULL	NULL	NULL	96654.08	54
NULL	baseball                                          	NULL	NULL	2000	3	NULL	NULL	44473.92	98
NULL	country                                           	NULL	NULL	NULL	NULL	NULL	NULL	114628.36	25
NULL	country                                           	importoscholar #x                                 	NULL	NULL	NULL	NULL	NULL	114628.36	25
NULL	country                                           	importoscholar #x                                 	NULL	NULL	NULL	NULL	NULL	114628.36	25
NULL	country                                           	importoscholar #x                                 	NULL	2000	NULL	NULL	NULL	114628.36	25
NULL	country                                           	importoscholar #x                                 	NULL	2000	4	NULL	NULL	44753.51	97
NULL	dresses                                           	NULL	NULL	NULL	NULL	NULL	NULL	77687.53	72
NULL	dresses                                           	NULL	NULL	NULL	NULL	NULL	NULL	192205.73	8
NULL	dresses                                           	NULL	oughteingantieing                                 	NULL	NULL	NULL	NULL	77687.53	72
NULL	dresses                                           	NULL	oughteingantieing                                 	2000	NULL	NULL	NULL	77687.53	72
NULL	dresses                                           	amalgamalg #x                                     	NULL	NULL	NULL	NULL	NULL	114518.20	29
NULL	dresses                                           	amalgamalg #x                                     	NULL	NULL	NULL	NULL	NULL	114518.20	29
NULL	dresses                                           	amalgamalg #x                                     	NULL	2000	NULL	NULL	NULL	114518.20	29
NULL	dresses                                           	amalgamalg #x                                     	NULL	2000	4	NULL	NULL	49313.59	95
NULL	guns                                              	NULL	NULL	NULL	NULL	NULL	NULL	92681.88	60
NULL	guns                                              	NULL	NULL	NULL	NULL	NULL	NULL	92681.88	60
NULL	guns                                              	NULL	NULL	NULL	NULL	NULL	NULL	92681.88	60
NULL	guns                                              	NULL	NULL	2000	NULL	NULL	NULL	92681.88	60
NULL	infants                                           	NULL	NULL	NULL	NULL	NULL	NULL	129135.94	18
NULL	infants                                           	importoexporti #x                                 	NULL	NULL	NULL	NULL	NULL	129135.94	18
NULL	infants                                           	importoexporti #x                                 	antiationeseese                                   	NULL	NULL	NULL	NULL	129135.94	18
NULL	infants                                           	importoexporti #x                                 	antiationeseese                                   	2000	NULL	NULL	NULL	129135.94	18
NULL	infants                                           	importoexporti #x                                 	antiationeseese                                   	2000	4	NULL	NULL	80824.80	71
NULL	lighting                                          	NULL	NULL	NULL	NULL	NULL	NULL	107477.64	40
NULL	lighting                                          	NULL	NULL	NULL	NULL	NULL	NULL	107477.64	40
NULL	lighting                                          	NULL	NULL	NULL	NULL	NULL	NULL	107477.64	40
NULL	lighting                                          	NULL	NULL	2000	NULL	NULL	NULL	107477.64	40
NULL	mens                                              	NULL	NULL	NULL	NULL	NULL	NULL	91415.81	64
NULL	mens                                              	importoedu pack #x                                	NULL	NULL	NULL	NULL	NULL	91415.81	64
NULL	mens                                              	importoedu pack #x                                	oughtablen steseought                             	NULL	NULL	NULL	NULL	91415.81	64
NULL	mens                                              	importoedu pack #x                                	oughtablen steseought                             	2000	NULL	NULL	NULL	91415.81	64
NULL	shirts                                            	NULL	NULL	NULL	NULL	NULL	NULL	72876.08	75
NULL	shirts                                            	NULL	NULL	NULL	NULL	NULL	NULL	72876.08	75
NULL	shirts                                            	NULL	oughtcallyeseantiought                            	NULL	NULL	NULL	NULL	72876.08	75
NULL	shirts                                            	NULL	oughtcallyeseantiought                            	2000	NULL	NULL	NULL	72876.08	75
