-- Automatically generated by TPCDSCollationQueryTestSuite

-- !query output on collated data
catalog	null	1998	1	books                                             	8	9808.66
catalog	null	1998	1	children                                          	11	14843.15
catalog	null	1998	1	electronics                                       	12	34659.85
catalog	null	1998	1	home                                              	4	1149.06
catalog	null	1998	1	jewelry                                           	7	16037.86
catalog	null	1998	1	men                                               	17	30340.73
catalog	null	1998	1	music                                             	14	20075.63
catalog	null	1998	1	shoes                                             	10	15432.10
catalog	null	1998	1	sports                                            	4	2660.73
catalog	null	1998	1	women                                             	14	32287.07
catalog	null	1998	2	books                                             	8	27523.09
catalog	null	1998	2	children                                          	11	33106.16
catalog	null	1998	2	electronics                                       	16	24105.87
catalog	null	1998	2	home                                              	14	14282.44
catalog	null	1998	2	jewelry                                           	10	6120.92
catalog	null	1998	2	men                                               	13	25776.26
catalog	null	1998	2	music                                             	11	11113.26
catalog	null	1998	2	shoes                                             	10	5887.74
catalog	null	1998	2	sports                                            	9	15135.88
catalog	null	1998	2	women                                             	7	2373.08
catalog	null	1998	3	books                                             	13	5452.76
catalog	null	1998	3	children                                          	18	32298.89
catalog	null	1998	3	electronics                                       	21	49769.09
catalog	null	1998	3	home                                              	17	14007.10
catalog	null	1998	3	jewelry                                           	23	25680.05
catalog	null	1998	3	men                                               	20	45022.03
catalog	null	1998	3	music                                             	14	20882.65
catalog	null	1998	3	shoes                                             	19	11602.79
catalog	null	1998	3	sports                                            	18	17526.27
catalog	null	1998	3	women                                             	17	20129.34
catalog	null	1998	4	null	2	607.00
catalog	null	1998	4	books                                             	33	57441.77
catalog	null	1998	4	children                                          	35	53915.78
catalog	null	1998	4	electronics                                       	39	40769.87
catalog	null	1998	4	home                                              	28	40240.88
catalog	null	1998	4	jewelry                                           	38	58972.54
catalog	null	1998	4	men                                               	30	39765.00
catalog	null	1998	4	music                                             	32	70931.52
catalog	null	1998	4	shoes                                             	33	65217.73
catalog	null	1998	4	sports                                            	31	45867.98
catalog	null	1998	4	women                                             	32	33059.29
catalog	null	1999	1	books                                             	11	13083.10
catalog	null	1999	1	children                                          	10	6952.44
catalog	null	1999	1	electronics                                       	10	3112.96
catalog	null	1999	1	home                                              	9	4768.55
catalog	null	1999	1	jewelry                                           	6	7143.30
catalog	null	1999	1	men                                               	10	21187.82
catalog	null	1999	1	music                                             	6	265.20
catalog	null	1999	1	shoes                                             	19	24625.11
catalog	null	1999	1	sports                                            	12	15481.90
catalog	null	1999	1	women                                             	15	25291.30
catalog	null	1999	2	books                                             	17	14284.73
catalog	null	1999	2	children                                          	8	4453.70
catalog	null	1999	2	electronics                                       	14	7808.53
catalog	null	1999	2	home                                              	7	7418.42
catalog	null	1999	2	jewelry                                           	13	11931.85
catalog	null	1999	2	men                                               	8	1730.92
catalog	null	1999	2	music                                             	11	14585.34
catalog	null	1999	2	shoes                                             	10	16267.47
catalog	null	1999	2	sports                                            	7	1058.62
catalog	null	1999	2	women                                             	17	17451.00
catalog	null	1999	3	books                                             	21	34033.74
catalog	null	1999	3	children                                          	15	28755.03
catalog	null	1999	3	electronics                                       	24	41518.93
catalog	null	1999	3	home                                              	20	39919.72
catalog	null	1999	3	jewelry                                           	22	15372.42
catalog	null	1999	3	men                                               	26	49692.31
catalog	null	1999	3	music                                             	23	6840.77
catalog	null	1999	3	shoes                                             	19	21542.78
catalog	null	1999	3	sports                                            	17	15957.19
catalog	null	1999	3	women                                             	27	30416.44
catalog	null	1999	4	null	1	9077.75
catalog	null	1999	4	books                                             	36	60721.76
catalog	null	1999	4	children                                          	22	21641.02
catalog	null	1999	4	electronics                                       	37	30157.36
catalog	null	1999	4	home                                              	34	42467.56
catalog	null	1999	4	jewelry                                           	35	38566.86
catalog	null	1999	4	men                                               	26	28008.47
catalog	null	1999	4	music                                             	26	31237.65
catalog	null	1999	4	shoes                                             	27	45175.99
catalog	null	1999	4	sports                                            	39	68801.24
catalog	null	1999	4	women                                             	38	55600.11
catalog	null	2000	1	books                                             	12	14558.48
catalog	null	2000	1	children                                          	11	10218.22
catalog	null	2000	1	electronics                                       	6	13621.14
catalog	null	2000	1	home                                              	11	13460.77
catalog	null	2000	1	jewelry                                           	10	8071.78
catalog	null	2000	1	men                                               	10	14579.76
catalog	null	2000	1	music                                             	9	23840.61
catalog	null	2000	1	shoes                                             	15	38230.31
catalog	null	2000	1	sports                                            	13	5259.09
catalog	null	2000	1	women                                             	10	6568.10
catalog	null	2000	2	null	1	null
catalog	null	2000	2	books                                             	15	27517.21
catalog	null	2000	2	children                                          	9	4430.92
catalog	null	2000	2	electronics                                       	9	7435.41
catalog	null	2000	2	home                                              	10	12542.28
catalog	null	2000	2	jewelry                                           	8	4325.38
catalog	null	2000	2	men                                               	12	5896.08
catalog	null	2000	2	music                                             	11	2962.75
-- !query output on normalized data
catalog	NULL	1998	1	books                                             	8	9808.66
catalog	NULL	1998	1	children                                          	11	14843.15
catalog	NULL	1998	1	electronics                                       	12	34659.85
catalog	NULL	1998	1	home                                              	4	1149.06
catalog	NULL	1998	1	jewelry                                           	7	16037.86
catalog	NULL	1998	1	men                                               	17	30340.73
catalog	NULL	1998	1	music                                             	14	20075.63
catalog	NULL	1998	1	shoes                                             	10	15432.10
catalog	NULL	1998	1	sports                                            	4	2660.73
catalog	NULL	1998	1	women                                             	14	32287.07
catalog	NULL	1998	2	books                                             	8	27523.09
catalog	NULL	1998	2	children                                          	11	33106.16
catalog	NULL	1998	2	electronics                                       	16	24105.87
catalog	NULL	1998	2	home                                              	14	14282.44
catalog	NULL	1998	2	jewelry                                           	10	6120.92
catalog	NULL	1998	2	men                                               	13	25776.26
catalog	NULL	1998	2	music                                             	11	11113.26
catalog	NULL	1998	2	shoes                                             	10	5887.74
catalog	NULL	1998	2	sports                                            	9	15135.88
catalog	NULL	1998	2	women                                             	7	2373.08
catalog	NULL	1998	3	books                                             	13	5452.76
catalog	NULL	1998	3	children                                          	18	32298.89
catalog	NULL	1998	3	electronics                                       	21	49769.09
catalog	NULL	1998	3	home                                              	17	14007.10
catalog	NULL	1998	3	jewelry                                           	23	25680.05
catalog	NULL	1998	3	men                                               	20	45022.03
catalog	NULL	1998	3	music                                             	14	20882.65
catalog	NULL	1998	3	shoes                                             	19	11602.79
catalog	NULL	1998	3	sports                                            	18	17526.27
catalog	NULL	1998	3	women                                             	17	20129.34
catalog	NULL	1998	4	NULL	2	607.00
catalog	NULL	1998	4	books                                             	33	57441.77
catalog	NULL	1998	4	children                                          	35	53915.78
catalog	NULL	1998	4	electronics                                       	39	40769.87
catalog	NULL	1998	4	home                                              	28	40240.88
catalog	NULL	1998	4	jewelry                                           	38	58972.54
catalog	NULL	1998	4	men                                               	30	39765.00
catalog	NULL	1998	4	music                                             	32	70931.52
catalog	NULL	1998	4	shoes                                             	33	65217.73
catalog	NULL	1998	4	sports                                            	31	45867.98
catalog	NULL	1998	4	women                                             	32	33059.29
catalog	NULL	1999	1	books                                             	11	13083.10
catalog	NULL	1999	1	children                                          	10	6952.44
catalog	NULL	1999	1	electronics                                       	10	3112.96
catalog	NULL	1999	1	home                                              	9	4768.55
catalog	NULL	1999	1	jewelry                                           	6	7143.30
catalog	NULL	1999	1	men                                               	10	21187.82
catalog	NULL	1999	1	music                                             	6	265.20
catalog	NULL	1999	1	shoes                                             	19	24625.11
catalog	NULL	1999	1	sports                                            	12	15481.90
catalog	NULL	1999	1	women                                             	15	25291.30
catalog	NULL	1999	2	books                                             	17	14284.73
catalog	NULL	1999	2	children                                          	8	4453.70
catalog	NULL	1999	2	electronics                                       	14	7808.53
catalog	NULL	1999	2	home                                              	7	7418.42
catalog	NULL	1999	2	jewelry                                           	13	11931.85
catalog	NULL	1999	2	men                                               	8	1730.92
catalog	NULL	1999	2	music                                             	11	14585.34
catalog	NULL	1999	2	shoes                                             	10	16267.47
catalog	NULL	1999	2	sports                                            	7	1058.62
catalog	NULL	1999	2	women                                             	17	17451.00
catalog	NULL	1999	3	books                                             	21	34033.74
catalog	NULL	1999	3	children                                          	15	28755.03
catalog	NULL	1999	3	electronics                                       	24	41518.93
catalog	NULL	1999	3	home                                              	20	39919.72
catalog	NULL	1999	3	jewelry                                           	22	15372.42
catalog	NULL	1999	3	men                                               	26	49692.31
catalog	NULL	1999	3	music                                             	23	6840.77
catalog	NULL	1999	3	shoes                                             	19	21542.78
catalog	NULL	1999	3	sports                                            	17	15957.19
catalog	NULL	1999	3	women                                             	27	30416.44
catalog	NULL	1999	4	NULL	1	9077.75
catalog	NULL	1999	4	books                                             	36	60721.76
catalog	NULL	1999	4	children                                          	22	21641.02
catalog	NULL	1999	4	electronics                                       	37	30157.36
catalog	NULL	1999	4	home                                              	34	42467.56
catalog	NULL	1999	4	jewelry                                           	35	38566.86
catalog	NULL	1999	4	men                                               	26	28008.47
catalog	NULL	1999	4	music                                             	26	31237.65
catalog	NULL	1999	4	shoes                                             	27	45175.99
catalog	NULL	1999	4	sports                                            	39	68801.24
catalog	NULL	1999	4	women                                             	38	55600.11
catalog	NULL	2000	1	books                                             	12	14558.48
catalog	NULL	2000	1	children                                          	11	10218.22
catalog	NULL	2000	1	electronics                                       	6	13621.14
catalog	NULL	2000	1	home                                              	11	13460.77
catalog	NULL	2000	1	jewelry                                           	10	8071.78
catalog	NULL	2000	1	men                                               	10	14579.76
catalog	NULL	2000	1	music                                             	9	23840.61
catalog	NULL	2000	1	shoes                                             	15	38230.31
catalog	NULL	2000	1	sports                                            	13	5259.09
catalog	NULL	2000	1	women                                             	10	6568.10
catalog	NULL	2000	2	NULL	1	NULL
catalog	NULL	2000	2	books                                             	15	27517.21
catalog	NULL	2000	2	children                                          	9	4430.92
catalog	NULL	2000	2	electronics                                       	9	7435.41
catalog	NULL	2000	2	home                                              	10	12542.28
catalog	NULL	2000	2	jewelry                                           	8	4325.38
catalog	NULL	2000	2	men                                               	12	5896.08
catalog	NULL	2000	2	music                                             	11	2962.75
