-- Automatically generated by TPCDSCollationQueryTestSuite

-- !query output on collated data
329088997.80	null	null	2	1
35430664.91	books                                             	null	1	1
34918777.34	men                                               	null	1	2
33760378.41	children                                          	null	1	3
33243530.17	electronics                                       	null	1	4
33145164.93	home                                              	null	1	5
32756827.42	shoes                                             	null	1	6
32285995.12	music                                             	null	1	7
31712254.78	sports                                            	null	1	8
30795989.18	women                                             	null	1	9
30076030.73	jewelry                                           	null	1	10
963384.81	null	null	1	11
615989.10	null	null	0	1
65752.25	null	dresses                                           	0	2
54445.48	null	lighting                                          	0	3
40391.44	null	infants                                           	0	4
35471.06	null	mens                                              	0	5
34067.03	null	country                                           	0	6
34046.70	null	accessories                                       	0	7
27537.73	null	baseball                                          	0	8
26174.29	null	guns                                              	0	9
17743.12	null	athletic                                          	0	10
11766.61	null	shirts                                            	0	11
2662546.58	books                                             	computers                                         	0	1
2495626.03	books                                             	parenting                                         	0	2
2425647.20	books                                             	fiction                                           	0	3
2401196.81	books                                             	sports                                            	0	4
2346704.09	books                                             	history                                           	0	5
2302719.16	books                                             	science                                           	0	6
2276270.78	books                                             	self-help                                         	0	7
2257444.51	books                                             	business                                          	0	8
2216374.08	books                                             	home repair                                       	0	9
2206720.90	books                                             	reference                                         	0	10
2149203.74	books                                             	mystery                                           	0	11
2140640.32	books                                             	travel                                            	0	12
2048647.89	books                                             	romance                                           	0	13
1956865.76	books                                             	cooking                                           	0	14
1859356.14	books                                             	arts                                              	0	15
1617536.06	books                                             	entertainments                                    	0	16
67164.86	books                                             	null	0	17
8836884.43	children                                          	school-uniforms                                   	0	1
8760984.73	children                                          	infants                                           	0	2
8142524.86	children                                          	newborn                                           	0	3
7925776.25	children                                          	toddlers                                          	0	4
94208.14	children                                          	null	0	5
2489469.99	electronics                                       	disk drives                                       	0	1
2323648.66	electronics                                       	personal                                          	0	2
2305415.91	electronics                                       	camcorders                                        	0	3
2240199.44	electronics                                       	karoke                                            	0	4
2235691.33	electronics                                       	stereo                                            	0	5
2233058.51	electronics                                       	televisions                                       	0	6
2113792.92	electronics                                       	portable                                          	0	7
2092500.41	electronics                                       	musical                                           	0	8
2088701.69	electronics                                       	dvd/vcr players                                   	0	9
2081097.01	electronics                                       	cameras                                           	0	10
2055973.50	electronics                                       	automotive                                        	0	11
2021900.56	electronics                                       	audio                                             	0	12
2006817.42	electronics                                       	memory                                            	0	13
1729410.62	electronics                                       	monitors                                          	0	14
1621759.97	electronics                                       	wireless                                          	0	15
1604092.23	electronics                                       	scanners                                          	0	16
2580794.04	home                                              	mattresses                                        	0	1
2552960.47	home                                              	glassware                                         	0	2
2479089.66	home                                              	lighting                                          	0	3
2241963.26	home                                              	bathroom                                          	0	4
2227778.30	home                                              	bedding                                           	0	5
2201961.72	home                                              	wallpaper                                         	0	6
2125093.38	home                                              	rugs                                              	0	7
2029622.97	home                                              	accent                                            	0	8
2005244.71	home                                              	paint                                             	0	9
2004693.90	home                                              	tables                                            	0	10
1882095.92	home                                              	blinds/shades                                     	0	11
1833537.38	home                                              	decor                                             	0	12
1805505.20	home                                              	kids                                              	0	13
1761357.98	home                                              	curtains/drapes                                   	0	14
1684930.79	home                                              	flatware                                          	0	15
1596468.10	home                                              	furniture                                         	0	16
132067.15	home                                              	null	0	17
2311781.76	jewelry                                           	custom                                            	0	1
2143571.63	jewelry                                           	birdal                                            	0	2
2116270.85	jewelry                                           	loose stones                                      	0	3
2091585.73	jewelry                                           	diamonds                                          	0	4
1929363.68	jewelry                                           	bracelets                                         	0	5
1896051.77	jewelry                                           	gold                                              	0	6
1858969.13	jewelry                                           	costume                                           	0	7
1849246.62	jewelry                                           	mens watch                                        	0	8
1845580.36	jewelry                                           	estate                                            	0	9
1834863.97	jewelry                                           	earings                                           	0	10
1809049.82	jewelry                                           	womens watch                                      	0	11
1738077.18	jewelry                                           	semi-precious                                     	0	12
1736010.32	jewelry                                           	rings                                             	0	13
1703934.55	jewelry                                           	consignment                                       	0	14
1608464.69	jewelry                                           	pendants                                          	0	15
1603208.67	jewelry                                           	jewelry boxes                                     	0	16
9509484.62	men                                               	sports-apparel                                    	0	1
8897383.77	men                                               	pants                                             	0	2
8508441.20	men                                               	accessories                                       	0	3
7952307.23	men                                               	shirts                                            	0	4
51160.52	men                                               	null	0	5
8668502.54	music                                             	rock                                              	0	1
-- !query output on normalized data
329088997.80	NULL	NULL	2	1
35430664.91	books                                             	NULL	1	1
34918777.34	men                                               	NULL	1	2
33760378.41	children                                          	NULL	1	3
33243530.17	electronics                                       	NULL	1	4
33145164.93	home                                              	NULL	1	5
32756827.42	shoes                                             	NULL	1	6
32285995.12	music                                             	NULL	1	7
31712254.78	sports                                            	NULL	1	8
30795989.18	women                                             	NULL	1	9
30076030.73	jewelry                                           	NULL	1	10
963384.81	NULL	NULL	1	11
615989.10	NULL	NULL	0	1
65752.25	NULL	dresses                                           	0	2
54445.48	NULL	lighting                                          	0	3
40391.44	NULL	infants                                           	0	4
35471.06	NULL	mens                                              	0	5
34067.03	NULL	country                                           	0	6
34046.70	NULL	accessories                                       	0	7
27537.73	NULL	baseball                                          	0	8
26174.29	NULL	guns                                              	0	9
17743.12	NULL	athletic                                          	0	10
11766.61	NULL	shirts                                            	0	11
2662546.58	books                                             	computers                                         	0	1
2495626.03	books                                             	parenting                                         	0	2
2425647.20	books                                             	fiction                                           	0	3
2401196.81	books                                             	sports                                            	0	4
2346704.09	books                                             	history                                           	0	5
2302719.16	books                                             	science                                           	0	6
2276270.78	books                                             	self-help                                         	0	7
2257444.51	books                                             	business                                          	0	8
2216374.08	books                                             	home repair                                       	0	9
2206720.90	books                                             	reference                                         	0	10
2149203.74	books                                             	mystery                                           	0	11
2140640.32	books                                             	travel                                            	0	12
2048647.89	books                                             	romance                                           	0	13
1956865.76	books                                             	cooking                                           	0	14
1859356.14	books                                             	arts                                              	0	15
1617536.06	books                                             	entertainments                                    	0	16
67164.86	books                                             	NULL	0	17
8836884.43	children                                          	school-uniforms                                   	0	1
8760984.73	children                                          	infants                                           	0	2
8142524.86	children                                          	newborn                                           	0	3
7925776.25	children                                          	toddlers                                          	0	4
94208.14	children                                          	NULL	0	5
2489469.99	electronics                                       	disk drives                                       	0	1
2323648.66	electronics                                       	personal                                          	0	2
2305415.91	electronics                                       	camcorders                                        	0	3
2240199.44	electronics                                       	karoke                                            	0	4
2235691.33	electronics                                       	stereo                                            	0	5
2233058.51	electronics                                       	televisions                                       	0	6
2113792.92	electronics                                       	portable                                          	0	7
2092500.41	electronics                                       	musical                                           	0	8
2088701.69	electronics                                       	dvd/vcr players                                   	0	9
2081097.01	electronics                                       	cameras                                           	0	10
2055973.50	electronics                                       	automotive                                        	0	11
2021900.56	electronics                                       	audio                                             	0	12
2006817.42	electronics                                       	memory                                            	0	13
1729410.62	electronics                                       	monitors                                          	0	14
1621759.97	electronics                                       	wireless                                          	0	15
1604092.23	electronics                                       	scanners                                          	0	16
2580794.04	home                                              	mattresses                                        	0	1
2552960.47	home                                              	glassware                                         	0	2
2479089.66	home                                              	lighting                                          	0	3
2241963.26	home                                              	bathroom                                          	0	4
2227778.30	home                                              	bedding                                           	0	5
2201961.72	home                                              	wallpaper                                         	0	6
2125093.38	home                                              	rugs                                              	0	7
2029622.97	home                                              	accent                                            	0	8
2005244.71	home                                              	paint                                             	0	9
2004693.90	home                                              	tables                                            	0	10
1882095.92	home                                              	blinds/shades                                     	0	11
1833537.38	home                                              	decor                                             	0	12
1805505.20	home                                              	kids                                              	0	13
1761357.98	home                                              	curtains/drapes                                   	0	14
1684930.79	home                                              	flatware                                          	0	15
1596468.10	home                                              	furniture                                         	0	16
132067.15	home                                              	NULL	0	17
2311781.76	jewelry                                           	custom                                            	0	1
2143571.63	jewelry                                           	birdal                                            	0	2
2116270.85	jewelry                                           	loose stones                                      	0	3
2091585.73	jewelry                                           	diamonds                                          	0	4
1929363.68	jewelry                                           	bracelets                                         	0	5
1896051.77	jewelry                                           	gold                                              	0	6
1858969.13	jewelry                                           	costume                                           	0	7
1849246.62	jewelry                                           	mens watch                                        	0	8
1845580.36	jewelry                                           	estate                                            	0	9
1834863.97	jewelry                                           	earings                                           	0	10
1809049.82	jewelry                                           	womens watch                                      	0	11
1738077.18	jewelry                                           	semi-precious                                     	0	12
1736010.32	jewelry                                           	rings                                             	0	13
1703934.55	jewelry                                           	consignment                                       	0	14
1608464.69	jewelry                                           	pendants                                          	0	15
1603208.67	jewelry                                           	jewelry boxes                                     	0	16
9509484.62	men                                               	sports-apparel                                    	0	1
8897383.77	men                                               	pants                                             	0	2
8508441.20	men                                               	accessories                                       	0	3
7952307.23	men                                               	shirts                                            	0	4
51160.52	men                                               	NULL	0	5
8668502.54	music                                             	rock                                              	0	1
