-- Automatically generated by TPCDSCollationQueryTestSuite

-- !query output on collated data
47170
-- !query output on normalized data
47170
