-- Automatically generated by TPCDSCollationQueryTestSuite

-- !query output on collated data
org.apache.spark.sql.catalyst.extendedanalysisexception
{
  "errorclass" : "datatype_mismatch.binary_op_diff_types",
  "sqlstate" : "42k09",
  "messageparameters" : {
    "left" : "\"string collate utf8_binary_lcase\"",
    "right" : "\"string\"",
    "sqlexpr" : "\"(s_store_name = ese)\""
  },
  "querycontext" : [ {
    "objecttype" : "",
    "objectname" : "",
    "startindex" : 645,
    "stopindex" : 670,
    "fragment" : "store.s_store_name = 'ese'"
  } ]
}
-- !query output on normalized data
2358	4664	4828	7447	6997	3886	4073	4923
