-- Automatically generated by TPCDSCollationQueryTestSuite

-- !query output on collated data
358.920754	1040.839473	1718.531826	2401.883865	3085.520204
-- !query output on normalized data
358.920754	1040.839473	1718.531826	2401.883865	3085.520204
