-- Automatically generated by TPCDSCollationQueryTestSuite

-- !query output on collated data
0.58933333333333333333
-- !query output on normalized data
0.58933333333333333333
