-- Automatically generated by TPCDSCollationQueryTestSuite

-- !query output on collated data
39037.04
-- !query output on normalized data
39037.04
