-- Automatically generated by TPCDSCollationQueryTestSuite

-- !query output on collated data
537833	285408	200
-- !query output on normalized data
537833	285408	200
