-- Automatically generated by TPCDSCollationQueryTestSuite

-- !query output on collated data
scala.matcherror
org.apache.spark.sql.types.stringtype@1 (of class org.apache.spark.sql.types.stringtype)
-- !query output on normalized data
just good amou	express                       	mid atlantic	1260	1337	1352	0	0
just good amou	express                       	north midwest	1291	1266	1327	0	0
just good amou	express                       	ny metro	1297	1268	1203	0	0
just good amou	library                       	mid atlantic	932	1025	970	0	0
just good amou	library                       	north midwest	899	945	970	0	0
just good amou	library                       	ny metro	918	973	922	0	0
just good amou	next day                      	mid atlantic	1273	1356	1306	0	0
just good amou	next day                      	north midwest	1158	1250	1247	0	0
just good amou	next day                      	ny metro	1301	1304	1226	0	0
just good amou	overnight                     	mid atlantic	1021	961	1055	0	0
just good amou	overnight                     	north midwest	858	993	982	0	0
just good amou	overnight                     	ny metro	852	992	977	0	0
just good amou	regular                       	mid atlantic	948	982	993	0	0
just good amou	regular                       	north midwest	880	948	993	0	0
just good amou	regular                       	ny metro	910	941	951	0	0
just good amou	two day                       	mid atlantic	958	1030	981	0	0
just good amou	two day                       	north midwest	924	886	955	0	0
just good amou	two day                       	ny metro	891	907	907	0	0
matches produce	express                       	mid atlantic	1216	1329	1314	0	0
matches produce	express                       	north midwest	1246	1265	1264	0	0
matches produce	express                       	ny metro	1164	1301	1225	0	0
matches produce	library                       	mid atlantic	890	962	963	0	0
matches produce	library                       	north midwest	956	902	964	0	0
matches produce	library                       	ny metro	891	970	963	0	0
matches produce	next day                      	mid atlantic	1339	1308	1245	0	0
matches produce	next day                      	north midwest	1265	1249	1309	0	0
matches produce	next day                      	ny metro	1218	1280	1177	0	0
matches produce	overnight                     	mid atlantic	928	916	959	0	0
matches produce	overnight                     	north midwest	924	985	923	0	0
matches produce	overnight                     	ny metro	928	937	959	0	0
matches produce	regular                       	mid atlantic	937	919	956	0	0
matches produce	regular                       	north midwest	920	978	1033	0	0
matches produce	regular                       	ny metro	920	970	942	0	0
matches produce	two day                       	mid atlantic	947	961	1010	0	0
matches produce	two day                       	north midwest	896	989	883	0	0
matches produce	two day                       	ny metro	870	950	1004	0	0
operations	express                       	mid atlantic	1282	1274	1361	0	0
operations	express                       	north midwest	1182	1297	1234	0	0
operations	express                       	ny metro	1183	1267	1206	0	0
operations	library                       	mid atlantic	955	1001	1015	0	0
operations	library                       	north midwest	890	926	977	0	0
operations	library                       	ny metro	917	948	930	0	0
operations	next day                      	mid atlantic	1197	1322	1291	0	0
operations	next day                      	north midwest	1277	1295	1273	0	0
operations	next day                      	ny metro	1221	1238	1294	0	0
operations	overnight                     	mid atlantic	904	1021	953	0	0
operations	overnight                     	north midwest	932	1010	987	0	0
operations	overnight                     	ny metro	923	915	975	0	0
operations	regular                       	mid atlantic	953	1024	974	0	0
operations	regular                       	north midwest	938	942	990	0	0
operations	regular                       	ny metro	902	892	901	0	0
operations	two day                       	mid atlantic	964	990	1011	0	0
operations	two day                       	north midwest	926	973	980	0	0
operations	two day                       	ny metro	917	946	886	0	0
selective,	express                       	mid atlantic	1307	1294	1263	0	0
selective,	express                       	north midwest	1203	1289	1271	0	0
selective,	express                       	ny metro	1186	1296	1230	0	0
selective,	library                       	mid atlantic	1004	959	972	0	0
selective,	library                       	north midwest	925	912	940	0	0
selective,	library                       	ny metro	932	940	931	0	0
selective,	next day                      	mid atlantic	1267	1309	1327	0	0
selective,	next day                      	north midwest	1234	1268	1270	0	0
selective,	next day                      	ny metro	1244	1244	1261	0	0
selective,	overnight                     	mid atlantic	978	945	1068	0	0
selective,	overnight                     	north midwest	882	936	932	0	0
selective,	overnight                     	ny metro	938	963	947	0	0
selective,	regular                       	mid atlantic	989	948	970	0	0
selective,	regular                       	north midwest	876	937	1001	0	0
selective,	regular                       	ny metro	917	972	980	0	0
selective,	two day                       	mid atlantic	951	974	972	0	0
selective,	two day                       	north midwest	968	942	996	0	0
selective,	two day                       	ny metro	928	1007	934	0	0
significantly	express                       	mid atlantic	1260	1340	1298	0	0
significantly	express                       	north midwest	1200	1222	1233	0	0
significantly	express                       	ny metro	1231	1326	1236	0	0
significantly	library                       	mid atlantic	949	1048	965	0	0
significantly	library                       	north midwest	970	984	920	0	0
significantly	library                       	ny metro	908	963	915	0	0
significantly	next day                      	mid atlantic	1312	1347	1268	0	0
significantly	next day                      	north midwest	1231	1232	1307	0	0
significantly	next day                      	ny metro	1198	1251	1190	0	0
significantly	overnight                     	mid atlantic	990	973	990	0	0
significantly	overnight                     	north midwest	876	971	958	0	0
significantly	overnight                     	ny metro	891	925	954	0	0
significantly	regular                       	mid atlantic	942	1006	913	0	0
significantly	regular                       	north midwest	910	937	1001	0	0
significantly	regular                       	ny metro	955	956	957	0	0
significantly	two day                       	mid atlantic	957	1027	1018	0	0
significantly	two day                       	north midwest	885	977	919	0	0
significantly	two day                       	ny metro	971	972	958	0	0
