-- Automatically generated by TPCDSCollationQueryTestSuite

-- !query output on collated data
org.apache.spark.sql.catalyst.extendedanalysisexception
{
  "errorclass" : "datatype_mismatch.unexpected_input_type",
  "sqlstate" : "42k09",
  "messageparameters" : {
    "inputsql" : "\"s_store_id\"",
    "inputtype" : "\"string collate utf8_binary_lcase\"",
    "paramindex" : "second",
    "requiredtype" : "(\"string\" or \"binary\" or \"array\")",
    "sqlexpr" : "\"concat(store, s_store_id)\""
  },
  "querycontext" : [ {
    "objecttype" : "",
    "objectname" : "",
    "startindex" : 3566,
    "stopindex" : 3586,
    "fragment" : "'store' || s_store_id"
  } ]
}
-- !query output on normalized data
NULL	NULL	115594110.84	2284876.41	-30784735.42
catalog channel	NULL	39386111.98	835889.43	-4413707.25
catalog channel	catalog_pageaaaaaaaaaabaaaaa	142709.95	0.00	-33829.11
catalog channel	catalog_pageaaaaaaaaaadaaaaa	78358.50	0.00	-9578.35
catalog channel	catalog_pageaaaaaaaaabaaaaaa	0.00	4176.90	-492.29
catalog channel	catalog_pageaaaaaaaaabbaaaaa	71027.83	0.00	-27264.22
catalog channel	catalog_pageaaaaaaaaabdaaaaa	93670.35	0.00	-3768.98
catalog channel	catalog_pageaaaaaaaaacaaaaaa	0.00	1776.17	-1252.65
catalog channel	catalog_pageaaaaaaaaacbaaaaa	112153.16	0.00	-19004.12
catalog channel	catalog_pageaaaaaaaaacdaaaaa	102298.11	0.00	-14768.21
catalog channel	catalog_pageaaaaaaaaadaaaaaa	0.00	8773.82	-4372.46
catalog channel	catalog_pageaaaaaaaaadbaaaaa	23722.97	0.00	-22193.13
catalog channel	catalog_pageaaaaaaaaaddaaaaa	47126.10	0.00	-6735.40
catalog channel	catalog_pageaaaaaaaaaeaaaaaa	0.00	6234.69	-2690.18
catalog channel	catalog_pageaaaaaaaaaebaaaaa	45880.56	679.36	-16578.99
catalog channel	catalog_pageaaaaaaaaaedaaaaa	66004.24	0.00	6074.29
catalog channel	catalog_pageaaaaaaaaafaaaaaa	0.00	463.68	-1521.36
catalog channel	catalog_pageaaaaaaaaafdaaaaa	88022.65	0.00	-769.81
catalog channel	catalog_pageaaaaaaaaagaaaaaa	0.00	8947.80	-2922.65
catalog channel	catalog_pageaaaaaaaaagdaaaaa	124552.05	0.00	24880.33
catalog channel	catalog_pageaaaaaaaaahaaaaaa	188643.97	0.00	-33045.93
catalog channel	catalog_pageaaaaaaaaaiaaaaaa	219950.84	518.83	-1089.03
catalog channel	catalog_pageaaaaaaaaajaaaaaa	196607.25	7494.81	-41407.88
catalog channel	catalog_pageaaaaaaaaajcaaaaa	23556.72	0.00	-5599.24
catalog channel	catalog_pageaaaaaaaaakaaaaaa	155095.31	0.00	-24248.39
catalog channel	catalog_pageaaaaaaaaakcaaaaa	13054.83	0.00	-528.84
catalog channel	catalog_pageaaaaaaaaalaaaaaa	114177.20	1866.02	-48127.76
catalog channel	catalog_pageaaaaaaaaalcaaaaa	10602.13	0.00	-3956.02
catalog channel	catalog_pageaaaaaaaaamaaaaaa	180993.77	144.00	-26262.58
catalog channel	catalog_pageaaaaaaaaamcaaaaa	29191.46	0.00	-8019.34
catalog channel	catalog_pageaaaaaaaaanaaaaaa	202640.83	0.00	14603.23
catalog channel	catalog_pageaaaaaaaaanbaaaaa	0.00	3103.80	-1162.99
catalog channel	catalog_pageaaaaaaaaancaaaaa	14627.25	61.80	1219.16
catalog channel	catalog_pageaaaaaaaaaoaaaaaa	49178.54	0.00	-27661.86
catalog channel	catalog_pageaaaaaaaaaocaaaaa	9621.16	0.00	-4213.22
catalog channel	catalog_pageaaaaaaaaapaaaaaa	142216.57	0.00	21113.94
catalog channel	catalog_pageaaaaaaaaapbaaaaa	0.00	4876.83	-2903.30
catalog channel	catalog_pageaaaaaaaaapcaaaaa	17230.02	689.60	-1816.99
catalog channel	catalog_pageaaaaaaaabaaaaaaa	0.00	1902.91	-1516.52
catalog channel	catalog_pageaaaaaaaababaaaaa	100018.02	0.00	-9370.45
catalog channel	catalog_pageaaaaaaaabadaaaaa	115622.82	0.00	12126.64
catalog channel	catalog_pageaaaaaaaabbaaaaaa	0.00	1786.21	-891.28
catalog channel	catalog_pageaaaaaaaabbbaaaaa	76388.45	1153.20	2393.80
catalog channel	catalog_pageaaaaaaaabbcaaaaa	0.00	831.90	-1077.03
catalog channel	catalog_pageaaaaaaaabbdaaaaa	47684.96	0.00	-8371.50
catalog channel	catalog_pageaaaaaaaabcaaaaaa	0.00	4371.58	-4222.90
catalog channel	catalog_pageaaaaaaaabcbaaaaa	93859.97	1753.50	-1196.59
catalog channel	catalog_pageaaaaaaaabcdaaaaa	73347.51	0.00	-11342.92
catalog channel	catalog_pageaaaaaaaabdaaaaaa	0.00	3474.90	-1008.22
catalog channel	catalog_pageaaaaaaaabdbaaaaa	42173.47	0.00	-26341.79
catalog channel	catalog_pageaaaaaaaabdcaaaaa	0.00	305.46	-585.35
catalog channel	catalog_pageaaaaaaaabddaaaaa	83810.14	0.00	-1482.89
catalog channel	catalog_pageaaaaaaaabeaaaaaa	0.00	347.39	-197.16
catalog channel	catalog_pageaaaaaaaabebaaaaa	97527.42	0.00	2333.17
catalog channel	catalog_pageaaaaaaaabedaaaaa	60506.22	0.00	-1212.87
catalog channel	catalog_pageaaaaaaaabfaaaaaa	0.00	6528.33	-2187.98
catalog channel	catalog_pageaaaaaaaabfdaaaaa	68737.67	0.00	-11721.44
catalog channel	catalog_pageaaaaaaaabhaaaaaa	199767.35	1044.68	-6811.92
catalog channel	catalog_pageaaaaaaaabiaaaaaa	205306.84	411.12	2555.23
catalog channel	catalog_pageaaaaaaaabicaaaaa	0.00	68.02	-99.54
catalog channel	catalog_pageaaaaaaaabjaaaaaa	187825.12	230.88	-21543.64
catalog channel	catalog_pageaaaaaaaabjbaaaaa	0.00	727.89	-209.17
catalog channel	catalog_pageaaaaaaaabjcaaaaa	14241.32	0.00	4283.83
catalog channel	catalog_pageaaaaaaaabkaaaaaa	215820.15	1121.48	-7030.88
catalog channel	catalog_pageaaaaaaaabkbaaaaa	0.00	3063.15	-3543.44
catalog channel	catalog_pageaaaaaaaabkcaaaaa	1871.32	0.00	-2063.64
catalog channel	catalog_pageaaaaaaaablaaaaaa	171643.10	779.60	-15082.45
catalog channel	catalog_pageaaaaaaaablcaaaaa	8855.03	0.00	3013.67
catalog channel	catalog_pageaaaaaaaabmaaaaaa	202476.57	1954.44	10034.15
catalog channel	catalog_pageaaaaaaaabmcaaaaa	13837.48	0.00	6008.90
catalog channel	catalog_pageaaaaaaaabnaaaaaa	197464.73	1397.02	-34977.14
catalog channel	catalog_pageaaaaaaaabncaaaaa	14801.05	0.00	-6910.60
catalog channel	catalog_pageaaaaaaaaboaaaaaa	98871.66	0.00	-6493.20
catalog channel	catalog_pageaaaaaaaabocaaaaa	15216.80	0.00	-5722.57
catalog channel	catalog_pageaaaaaaaabpaaaaaa	99238.38	100.20	-6353.28
catalog channel	catalog_pageaaaaaaaabpcaaaaa	26783.54	0.00	4129.36
catalog channel	catalog_pageaaaaaaaacaaaaaaa	0.00	8072.86	-3459.85
catalog channel	catalog_pageaaaaaaaacabaaaaa	139938.46	0.00	8612.80
catalog channel	catalog_pageaaaaaaaacadaaaaa	36613.51	0.00	-9705.44
catalog channel	catalog_pageaaaaaaaacbaaaaaa	0.00	9373.27	-7982.93
catalog channel	catalog_pageaaaaaaaacbbaaaaa	111531.45	55.38	-15921.86
catalog channel	catalog_pageaaaaaaaacbdaaaaa	103545.90	0.00	-168.10
catalog channel	catalog_pageaaaaaaaaccaaaaaa	0.00	3879.26	-1783.40
catalog channel	catalog_pageaaaaaaaaccbaaaaa	78290.87	0.00	-12841.84
catalog channel	catalog_pageaaaaaaaaccdaaaaa	37841.79	0.00	-26568.14
catalog channel	catalog_pageaaaaaaaacdaaaaaa	0.00	923.32	-1166.75
catalog channel	catalog_pageaaaaaaaacdbaaaaa	113988.86	212.31	-9856.53
catalog channel	catalog_pageaaaaaaaacddaaaaa	64516.71	0.00	-27577.04
catalog channel	catalog_pageaaaaaaaaceaaaaaa	0.00	2955.12	-1700.94
catalog channel	catalog_pageaaaaaaaacebaaaaa	91555.04	0.00	-23392.02
catalog channel	catalog_pageaaaaaaaacedaaaaa	84993.13	0.00	-24259.30
catalog channel	catalog_pageaaaaaaaacfaaaaaa	0.00	6507.25	-3250.26
catalog channel	catalog_pageaaaaaaaacfdaaaaa	73749.97	0.00	1468.23
catalog channel	catalog_pageaaaaaaaacgaaaaaa	0.00	8814.60	-3790.45
catalog channel	catalog_pageaaaaaaaachaaaaaa	157602.51	907.12	-50822.23
catalog channel	catalog_pageaaaaaaaachcaaaaa	0.00	59.58	-63.15
catalog channel	catalog_pageaaaaaaaaciaaaaaa	132342.50	4686.24	-45195.01
catalog channel	catalog_pageaaaaaaaacibaaaaa	0.00	6029.56	-3462.80
catalog channel	catalog_pageaaaaaaaacicaaaaa	0.00	530.41	-535.89
catalog channel	catalog_pageaaaaaaaacjaaaaaa	193536.42	2487.88	-29573.52
