-- Automatically generated by TPCDSCollationQueryTestSuite

-- !query output on collated data
null	null	null	null	null	null	null	null	681149.47	5
null	null	null	null	null	null	null	null	1474997.55	4
null	null	null	null	null	null	null	null	1577864.42	3
null	null	null	null	null	null	null	null	2536204.81	2
null	null	null	null	null	null	null	null	999668082.59	1
null	null	null	null	2001	null	null	null	681149.47	5
null	null	null	null	2001	1	null	null	111437.42	32
null	null	null	null	2001	1	1	null	36235.73	90
null	null	null	null	2001	1	3	null	49252.88	77
null	null	null	null	2001	2	null	null	78346.18	63
null	null	null	null	2001	2	6	null	34840.48	96
null	null	null	null	2001	3	null	null	141691.87	12
null	null	null	null	2001	3	7	null	31988.52	100
null	null	null	null	2001	3	8	null	57778.28	69
null	null	null	null	2001	3	9	null	51925.07	73
null	null	null	null	2001	4	null	null	349674.00	7
null	null	null	null	2001	4	10	null	89521.66	52
null	null	null	null	2001	4	11	null	107989.95	35
null	null	null	null	2001	4	11	aaaaaaaahaaaaaaa	38673.65	85
null	null	null	null	2001	4	12	null	152162.39	11
null	null	null	null	2001	4	12	aaaaaaaacaaaaaaa	36936.71	88
null	null	null	null	2001	4	12	aaaaaaaakaaaaaaa	35885.68	92
null	null	null	ationesebareing                                   	null	null	null	null	130971.51	13
null	null	null	ationesebareing                                   	2001	null	null	null	130971.51	13
null	null	null	ationesebareing                                   	2001	3	null	null	49334.88	76
null	null	null	ationesebareing                                   	2001	4	null	null	36033.41	91
null	null	null	n stcallyn stn st                                 	null	null	null	null	110926.60	33
null	null	null	n stcallyn stn st                                 	2001	null	null	null	110926.60	33
null	null	null	n stcallyn stn st                                 	2001	3	null	null	33118.05	98
null	null	null	n stcallyn stn st                                 	2001	4	null	null	41603.21	83
null	null	null	n stought                                         	null	null	null	null	157465.43	9
null	null	null	n stought                                         	2001	null	null	null	157465.43	9
null	null	null	n stought                                         	2001	3	null	null	46371.14	78
null	null	null	n stought                                         	2001	4	null	null	65619.67	66
null	null	null	n stought                                         	2001	4	11	null	45528.69	79
null	null	null	oughtableantiable                                 	null	null	null	null	103187.19	40
null	null	null	oughtableantiable                                 	2001	null	null	null	103187.19	40
null	null	null	oughtableantiable                                 	2001	4	null	null	42408.80	82
null	null	null	oughtablen stationought                           	null	null	null	null	86348.22	57
null	null	null	oughtablen stationought                           	2001	null	null	null	86348.22	57
null	null	null	oughtablen stationought                           	2001	4	null	null	35714.86	93
null	null	null	oughtesebaration                                  	null	null	null	null	76325.38	64
null	null	null	oughtesebaration                                  	2001	null	null	null	76325.38	64
null	null	null	oughtesebaration                                  	2001	4	null	null	36610.75	89
null	null	null	oughteseoughtation                                	null	null	null	null	128623.75	19
null	null	null	oughteseoughtation                                	2001	null	null	null	128623.75	19
null	null	null	oughteseoughtation                                	2001	3	null	null	35495.82	94
null	null	null	oughteseoughtation                                	2001	4	null	null	57203.17	70
null	null	importoamalg #x                                   	null	null	null	null	null	102866.87	42
null	null	importoamalg #x                                   	null	null	null	null	null	102866.87	42
null	null	importoamalg #x                                   	null	2001	null	null	null	102866.87	42
null	null	importoamalg #x                                   	null	2001	4	null	null	51717.30	74
null	accessories                                       	null	null	null	null	null	null	98994.39	48
null	accessories                                       	null	null	null	null	null	null	98994.39	48
null	accessories                                       	null	prin stn stoughtought                             	null	null	null	null	98994.39	48
null	accessories                                       	null	prin stn stoughtought                             	2001	null	null	null	98994.39	48
null	accessories                                       	null	prin stn stoughtought                             	2001	3	null	null	37246.83	87
null	athletic                                          	null	null	null	null	null	null	122120.16	21
null	athletic                                          	null	null	null	null	null	null	122120.16	21
null	athletic                                          	null	null	null	null	null	null	122120.16	21
null	athletic                                          	null	null	2001	null	null	null	122120.16	21
null	athletic                                          	null	null	2001	4	null	null	63278.49	67
null	athletic                                          	null	null	2001	4	11	null	38216.51	86
null	baseball                                          	null	null	null	null	null	null	105806.96	36
null	baseball                                          	null	null	null	null	null	null	105806.96	36
null	baseball                                          	null	null	null	null	null	null	105806.96	36
null	baseball                                          	null	null	2001	null	null	null	105806.96	36
null	baseball                                          	null	null	2001	4	null	null	58206.33	68
null	country                                           	null	null	null	null	null	null	89164.69	53
null	country                                           	importoscholar #x                                 	null	null	null	null	null	89164.69	53
null	country                                           	importoscholar #x                                 	null	null	null	null	null	89164.69	53
null	country                                           	importoscholar #x                                 	null	2001	null	null	null	89164.69	53
null	country                                           	importoscholar #x                                 	null	2001	4	null	null	55674.96	71
null	dresses                                           	null	null	null	null	null	null	116126.30	25
null	dresses                                           	null	null	null	null	null	null	217647.20	8
null	dresses                                           	null	oughteingantieing                                 	null	null	null	null	116126.30	25
null	dresses                                           	null	oughteingantieing                                 	2001	null	null	null	116126.30	25
null	dresses                                           	null	oughteingantieing                                 	2001	3	null	null	35421.52	95
null	dresses                                           	null	oughteingantieing                                 	2001	4	null	null	53283.33	72
null	dresses                                           	amalgamalg #x                                     	null	null	null	null	null	101520.90	45
null	dresses                                           	amalgamalg #x                                     	null	null	null	null	null	101520.90	45
null	dresses                                           	amalgamalg #x                                     	null	2001	null	null	null	101520.90	45
null	dresses                                           	amalgamalg #x                                     	null	2001	3	null	null	32017.28	99
null	dresses                                           	amalgamalg #x                                     	null	2001	4	null	null	34451.25	97
null	infants                                           	null	null	null	null	null	null	128750.23	15
null	infants                                           	importoexporti #x                                 	null	null	null	null	null	128750.23	15
null	infants                                           	importoexporti #x                                 	antiationeseese                                   	null	null	null	null	128750.23	15
null	infants                                           	importoexporti #x                                 	antiationeseese                                   	2001	null	null	null	128750.23	15
null	infants                                           	importoexporti #x                                 	antiationeseese                                   	2001	3	null	null	40113.56	84
null	infants                                           	importoexporti #x                                 	antiationeseese                                   	2001	4	null	null	50724.87	75
null	mens                                              	null	null	null	null	null	null	113853.60	28
null	mens                                              	importoedu pack #x                                	null	null	null	null	null	113853.60	28
null	mens                                              	importoedu pack #x                                	oughtablen steseought                             	null	null	null	null	113853.60	28
null	mens                                              	importoedu pack #x                                	oughtablen steseought                             	2001	null	null	null	113853.60	28
null	mens                                              	importoedu pack #x                                	oughtablen steseought                             	2001	3	null	null	42447.63	81
null	mens                                              	importoedu pack #x                                	oughtablen steseought                             	2001	4	null	null	43089.74	80
null	shirts                                            	null	null	null	null	null	null	82003.16	59
null	shirts                                            	null	null	null	null	null	null	82003.16	59
null	shirts                                            	null	oughtcallyeseantiought                            	null	null	null	null	82003.16	59
null	shirts                                            	null	oughtcallyeseantiought                            	2001	null	null	null	82003.16	59
-- !query output on normalized data
NULL	NULL	NULL	NULL	NULL	NULL	NULL	NULL	681149.47	5
NULL	NULL	NULL	NULL	NULL	NULL	NULL	NULL	1474997.55	4
NULL	NULL	NULL	NULL	NULL	NULL	NULL	NULL	1577864.42	3
NULL	NULL	NULL	NULL	NULL	NULL	NULL	NULL	2536204.81	2
NULL	NULL	NULL	NULL	NULL	NULL	NULL	NULL	999668082.59	1
NULL	NULL	NULL	NULL	2001	NULL	NULL	NULL	681149.47	5
NULL	NULL	NULL	NULL	2001	1	NULL	NULL	111437.42	32
NULL	NULL	NULL	NULL	2001	1	1	NULL	36235.73	90
NULL	NULL	NULL	NULL	2001	1	3	NULL	49252.88	77
NULL	NULL	NULL	NULL	2001	2	NULL	NULL	78346.18	63
NULL	NULL	NULL	NULL	2001	2	6	NULL	34840.48	96
NULL	NULL	NULL	NULL	2001	3	NULL	NULL	141691.87	12
NULL	NULL	NULL	NULL	2001	3	7	NULL	31988.52	100
NULL	NULL	NULL	NULL	2001	3	8	NULL	57778.28	69
NULL	NULL	NULL	NULL	2001	3	9	NULL	51925.07	73
NULL	NULL	NULL	NULL	2001	4	NULL	NULL	349674.00	7
NULL	NULL	NULL	NULL	2001	4	10	NULL	89521.66	52
NULL	NULL	NULL	NULL	2001	4	11	NULL	107989.95	35
NULL	NULL	NULL	NULL	2001	4	11	aaaaaaaahaaaaaaa	38673.65	85
NULL	NULL	NULL	NULL	2001	4	12	NULL	152162.39	11
NULL	NULL	NULL	NULL	2001	4	12	aaaaaaaacaaaaaaa	36936.71	88
NULL	NULL	NULL	NULL	2001	4	12	aaaaaaaakaaaaaaa	35885.68	92
NULL	NULL	NULL	ationesebareing                                   	NULL	NULL	NULL	NULL	130971.51	13
NULL	NULL	NULL	ationesebareing                                   	2001	NULL	NULL	NULL	130971.51	13
NULL	NULL	NULL	ationesebareing                                   	2001	3	NULL	NULL	49334.88	76
NULL	NULL	NULL	ationesebareing                                   	2001	4	NULL	NULL	36033.41	91
NULL	NULL	NULL	n stcallyn stn st                                 	NULL	NULL	NULL	NULL	110926.60	33
NULL	NULL	NULL	n stcallyn stn st                                 	2001	NULL	NULL	NULL	110926.60	33
NULL	NULL	NULL	n stcallyn stn st                                 	2001	3	NULL	NULL	33118.05	98
NULL	NULL	NULL	n stcallyn stn st                                 	2001	4	NULL	NULL	41603.21	83
NULL	NULL	NULL	n stought                                         	NULL	NULL	NULL	NULL	157465.43	9
NULL	NULL	NULL	n stought                                         	2001	NULL	NULL	NULL	157465.43	9
NULL	NULL	NULL	n stought                                         	2001	3	NULL	NULL	46371.14	78
NULL	NULL	NULL	n stought                                         	2001	4	NULL	NULL	65619.67	66
NULL	NULL	NULL	n stought                                         	2001	4	11	NULL	45528.69	79
NULL	NULL	NULL	oughtableantiable                                 	NULL	NULL	NULL	NULL	103187.19	40
NULL	NULL	NULL	oughtableantiable                                 	2001	NULL	NULL	NULL	103187.19	40
NULL	NULL	NULL	oughtableantiable                                 	2001	4	NULL	NULL	42408.80	82
NULL	NULL	NULL	oughtablen stationought                           	NULL	NULL	NULL	NULL	86348.22	57
NULL	NULL	NULL	oughtablen stationought                           	2001	NULL	NULL	NULL	86348.22	57
NULL	NULL	NULL	oughtablen stationought                           	2001	4	NULL	NULL	35714.86	93
NULL	NULL	NULL	oughtesebaration                                  	NULL	NULL	NULL	NULL	76325.38	64
NULL	NULL	NULL	oughtesebaration                                  	2001	NULL	NULL	NULL	76325.38	64
NULL	NULL	NULL	oughtesebaration                                  	2001	4	NULL	NULL	36610.75	89
NULL	NULL	NULL	oughteseoughtation                                	NULL	NULL	NULL	NULL	128623.75	19
NULL	NULL	NULL	oughteseoughtation                                	2001	NULL	NULL	NULL	128623.75	19
NULL	NULL	NULL	oughteseoughtation                                	2001	3	NULL	NULL	35495.82	94
NULL	NULL	NULL	oughteseoughtation                                	2001	4	NULL	NULL	57203.17	70
NULL	NULL	importoamalg #x                                   	NULL	NULL	NULL	NULL	NULL	102866.87	42
NULL	NULL	importoamalg #x                                   	NULL	NULL	NULL	NULL	NULL	102866.87	42
NULL	NULL	importoamalg #x                                   	NULL	2001	NULL	NULL	NULL	102866.87	42
NULL	NULL	importoamalg #x                                   	NULL	2001	4	NULL	NULL	51717.30	74
NULL	accessories                                       	NULL	NULL	NULL	NULL	NULL	NULL	98994.39	48
NULL	accessories                                       	NULL	NULL	NULL	NULL	NULL	NULL	98994.39	48
NULL	accessories                                       	NULL	prin stn stoughtought                             	NULL	NULL	NULL	NULL	98994.39	48
NULL	accessories                                       	NULL	prin stn stoughtought                             	2001	NULL	NULL	NULL	98994.39	48
NULL	accessories                                       	NULL	prin stn stoughtought                             	2001	3	NULL	NULL	37246.83	87
NULL	athletic                                          	NULL	NULL	NULL	NULL	NULL	NULL	122120.16	21
NULL	athletic                                          	NULL	NULL	NULL	NULL	NULL	NULL	122120.16	21
NULL	athletic                                          	NULL	NULL	NULL	NULL	NULL	NULL	122120.16	21
NULL	athletic                                          	NULL	NULL	2001	NULL	NULL	NULL	122120.16	21
NULL	athletic                                          	NULL	NULL	2001	4	NULL	NULL	63278.49	67
NULL	athletic                                          	NULL	NULL	2001	4	11	NULL	38216.51	86
NULL	baseball                                          	NULL	NULL	NULL	NULL	NULL	NULL	105806.96	36
NULL	baseball                                          	NULL	NULL	NULL	NULL	NULL	NULL	105806.96	36
NULL	baseball                                          	NULL	NULL	NULL	NULL	NULL	NULL	105806.96	36
NULL	baseball                                          	NULL	NULL	2001	NULL	NULL	NULL	105806.96	36
NULL	baseball                                          	NULL	NULL	2001	4	NULL	NULL	58206.33	68
NULL	country                                           	NULL	NULL	NULL	NULL	NULL	NULL	89164.69	53
NULL	country                                           	importoscholar #x                                 	NULL	NULL	NULL	NULL	NULL	89164.69	53
NULL	country                                           	importoscholar #x                                 	NULL	NULL	NULL	NULL	NULL	89164.69	53
NULL	country                                           	importoscholar #x                                 	NULL	2001	NULL	NULL	NULL	89164.69	53
NULL	country                                           	importoscholar #x                                 	NULL	2001	4	NULL	NULL	55674.96	71
NULL	dresses                                           	NULL	NULL	NULL	NULL	NULL	NULL	116126.30	25
NULL	dresses                                           	NULL	NULL	NULL	NULL	NULL	NULL	217647.20	8
NULL	dresses                                           	NULL	oughteingantieing                                 	NULL	NULL	NULL	NULL	116126.30	25
NULL	dresses                                           	NULL	oughteingantieing                                 	2001	NULL	NULL	NULL	116126.30	25
NULL	dresses                                           	NULL	oughteingantieing                                 	2001	3	NULL	NULL	35421.52	95
NULL	dresses                                           	NULL	oughteingantieing                                 	2001	4	NULL	NULL	53283.33	72
NULL	dresses                                           	amalgamalg #x                                     	NULL	NULL	NULL	NULL	NULL	101520.90	45
NULL	dresses                                           	amalgamalg #x                                     	NULL	NULL	NULL	NULL	NULL	101520.90	45
NULL	dresses                                           	amalgamalg #x                                     	NULL	2001	NULL	NULL	NULL	101520.90	45
NULL	dresses                                           	amalgamalg #x                                     	NULL	2001	3	NULL	NULL	32017.28	99
NULL	dresses                                           	amalgamalg #x                                     	NULL	2001	4	NULL	NULL	34451.25	97
NULL	infants                                           	NULL	NULL	NULL	NULL	NULL	NULL	128750.23	15
NULL	infants                                           	importoexporti #x                                 	NULL	NULL	NULL	NULL	NULL	128750.23	15
NULL	infants                                           	importoexporti #x                                 	antiationeseese                                   	NULL	NULL	NULL	NULL	128750.23	15
NULL	infants                                           	importoexporti #x                                 	antiationeseese                                   	2001	NULL	NULL	NULL	128750.23	15
NULL	infants                                           	importoexporti #x                                 	antiationeseese                                   	2001	3	NULL	NULL	40113.56	84
NULL	infants                                           	importoexporti #x                                 	antiationeseese                                   	2001	4	NULL	NULL	50724.87	75
NULL	mens                                              	NULL	NULL	NULL	NULL	NULL	NULL	113853.60	28
NULL	mens                                              	importoedu pack #x                                	NULL	NULL	NULL	NULL	NULL	113853.60	28
NULL	mens                                              	importoedu pack #x                                	oughtablen steseought                             	NULL	NULL	NULL	NULL	113853.60	28
NULL	mens                                              	importoedu pack #x                                	oughtablen steseought                             	2001	NULL	NULL	NULL	113853.60	28
NULL	mens                                              	importoedu pack #x                                	oughtablen steseought                             	2001	3	NULL	NULL	42447.63	81
NULL	mens                                              	importoedu pack #x                                	oughtablen steseought                             	2001	4	NULL	NULL	43089.74	80
NULL	shirts                                            	NULL	NULL	NULL	NULL	NULL	NULL	82003.16	59
NULL	shirts                                            	NULL	NULL	NULL	NULL	NULL	NULL	82003.16	59
NULL	shirts                                            	NULL	oughtcallyeseantiought                            	NULL	NULL	NULL	NULL	82003.16	59
NULL	shirts                                            	NULL	oughtcallyeseantiought                            	2001	NULL	NULL	NULL	82003.16	59
