-- Automatically generated by TPCDSCollationQueryTestSuite

-- !query output on collated data
aaaaaaaaheifbaaa	null	jones                         
aaaaaaaagldmaaaa	alex                	norris                        
aaaaaaaaoediaaaa	alexander           	rich                          
aaaaaaaaknmebaaa	amber               	gonzalez                      
aaaaaaaafgneaaaa	andrew              	silva                         
aaaaaaaacgldaaaa	angelo              	sloan                         
aaaaaaaaocdcaaaa	armando             	jackson                       
aaaaaaaabjedbaaa	arthur              	bryan                         
aaaaaaaahgklaaaa	arthur              	christensen                   
aaaaaaaapaeebaaa	audria              	mattson                       
aaaaaaaafaieaaaa	betty               	gipson                        
aaaaaaaaocflaaaa	bill                	freeman                       
aaaaaaaailljaaaa	billy               	ortiz                         
aaaaaaaagmfhaaaa	bruce               	howe                          
aaaaaaaakakpaaaa	carolann            	royer                         
aaaaaaaaaglpaaaa	charlene            	marcus                        
aaaaaaaabiihaaaa	charles             	quarles                       
aaaaaaaaipkjaaaa	charles             	jones                         
aaaaaaaapigbbaaa	charles             	welch                         
aaaaaaaacpdfbaaa	cheryl              	barry                         
aaaaaaaacoehbaaa	christine           	gonzalez                      
aaaaaaaapnmgaaaa	christine           	olds                          
aaaaaaaaefcebaaa	cornelius           	martino                       
aaaaaaaapeflaaaa	david               	martinez                      
aaaaaaaaibjdbaaa	dean                	velez                         
aaaaaaaaookkaaaa	deborah             	early                         
aaaaaaaalmggbaaa	dedra               	rainey                        
aaaaaaaankbbaaaa	diann               	saunders                      
aaaaaaaadkmbaaaa	donald              	nelson                        
aaaaaaaafgmhbaaa	donald              	coleman                       
aaaaaaaalphgbaaa	dorothy             	heller                        
aaaaaaaaleahbaaa	eddie               	pena                          
aaaaaaaajingaaaa	ella                	moore                         
aaaaaaaaiandaaaa	elva                	wade                          
aaaaaaaaebfhaaaa	esther              	merrill                       
aaaaaaaaaaecbaaa	frank               	wenzel                        
aaaaaaaajgdlaaaa	fredrick            	davis                         
aaaaaaaahleaaaaa	geneva              	sims                          
aaaaaaaafmokaaaa	harry               	brown                         
aaaaaaaaeiahaaaa	henry               	desantis                      
aaaaaaaalmajaaaa	ileen               	linn                          
aaaaaaaacemiaaaa	james               	hernandez                     
aaaaaaaaibbfbaaa	james               	compton                       
aaaaaaaalnlabaaa	janie               	garcia                        
aaaaaaaabbeaaaaa	jason               	gallegos                      
aaaaaaaaiodcbaaa	jennifer            	crane                         
aaaaaaaageklaaaa	jerilyn             	walker                        
aaaaaaaamfmkaaaa	john                	sanders                       
aaaaaaaajcnbbaaa	johnnie             	cox                           
aaaaaaaaojbpaaaa	jonathan            	mcbride                       
aaaaaaaaabgkaaaa	jonna               	king                          
aaaaaaaaggmhaaaa	julia               	fisher                        
aaaaaaaahepfbaaa	kathryn             	kinney                        
aaaaaaaaomokaaaa	laurette            	gary                          
aaaaaaaabiabaaaa	letha               	stone                         
aaaaaaaapfkdaaaa	linda               	simmons                       
aaaaaaaajdefaaaa	loretta             	serrano                       
aaaaaaaafoedaaaa	lori                	erwin                         
aaaaaaaabaagaaaa	luis                	james                         
aaaaaaaaeipiaaaa	luke                	rios                          
aaaaaaaagcgiaaaa	mae                 	williams                      
aaaaaaaafmppaaaa	manuel              	bryant                        
aaaaaaaamjfaaaaa	marcus              	espinal                       
aaaaaaaajadiaaaa	margaret            	roberts                       
aaaaaaaahljcaaaa	marlene             	grover                        
aaaaaaaabgmhbaaa	michael             	gillespie                     
aaaaaaaaipgjaaaa	michael             	null
aaaaaaaanbecbaaa	michael             	lombardi                      
aaaaaaaamloeaaaa	miguel              	jackson                       
aaaaaaaajhgfaaaa	pamela              	gannon                        
aaaaaaaadfjbbaaa	patrick             	jones                         
aaaaaaaadhnhbaaa	patrick             	cooper                        
aaaaaaaaopmdaaaa	peggy               	smith                         
aaaaaaaaafagaaaa	robert              	chang                         
aaaaaaaaafbnaaaa	robert              	baines                        
aaaaaaaakmhpaaaa	robert              	jones                         
aaaaaaaajmidaaaa	sally               	thurman                       
aaaaaaaajbelaaaa	sean                	busby                         
aaaaaaaajiahaaaa	shawna              	delgado                       
aaaaaaaafdimaaaa	stephanie           	cowan                         
aaaaaaaapbigbaaa	susie               	zavala                        
aaaaaaaagmgebaaa	tamika              	potts                         
aaaaaaaamholaaaa	terri               	cook                          
aaaaaaaabilcaaaa	theresa             	mullins                       
aaaaaaaadhcbaaaa	therese             	perez                         
aaaaaaaaibhhbaaa	vennie              	loya                          
aaaaaaaafhndaaaa	virgil              	mcdonald                      
aaaaaaaaahkeaaaa	william             	stafford                      
aaaaaaaahieiaaaa	william             	roberts
-- !query output on normalized data
aaaaaaaaheifbaaa	NULL	jones                         
aaaaaaaagldmaaaa	alex                	norris                        
aaaaaaaaoediaaaa	alexander           	rich                          
aaaaaaaaknmebaaa	amber               	gonzalez                      
aaaaaaaafgneaaaa	andrew              	silva                         
aaaaaaaacgldaaaa	angelo              	sloan                         
aaaaaaaaocdcaaaa	armando             	jackson                       
aaaaaaaabjedbaaa	arthur              	bryan                         
aaaaaaaahgklaaaa	arthur              	christensen                   
aaaaaaaapaeebaaa	audria              	mattson                       
aaaaaaaafaieaaaa	betty               	gipson                        
aaaaaaaaocflaaaa	bill                	freeman                       
aaaaaaaailljaaaa	billy               	ortiz                         
aaaaaaaagmfhaaaa	bruce               	howe                          
aaaaaaaakakpaaaa	carolann            	royer                         
aaaaaaaaaglpaaaa	charlene            	marcus                        
aaaaaaaabiihaaaa	charles             	quarles                       
aaaaaaaaipkjaaaa	charles             	jones                         
aaaaaaaapigbbaaa	charles             	welch                         
aaaaaaaacpdfbaaa	cheryl              	barry                         
aaaaaaaacoehbaaa	christine           	gonzalez                      
aaaaaaaapnmgaaaa	christine           	olds                          
aaaaaaaaefcebaaa	cornelius           	martino                       
aaaaaaaapeflaaaa	david               	martinez                      
aaaaaaaaibjdbaaa	dean                	velez                         
aaaaaaaaookkaaaa	deborah             	early                         
aaaaaaaalmggbaaa	dedra               	rainey                        
aaaaaaaankbbaaaa	diann               	saunders                      
aaaaaaaadkmbaaaa	donald              	nelson                        
aaaaaaaafgmhbaaa	donald              	coleman                       
aaaaaaaalphgbaaa	dorothy             	heller                        
aaaaaaaaleahbaaa	eddie               	pena                          
aaaaaaaajingaaaa	ella                	moore                         
aaaaaaaaiandaaaa	elva                	wade                          
aaaaaaaaebfhaaaa	esther              	merrill                       
aaaaaaaaaaecbaaa	frank               	wenzel                        
aaaaaaaajgdlaaaa	fredrick            	davis                         
aaaaaaaahleaaaaa	geneva              	sims                          
aaaaaaaafmokaaaa	harry               	brown                         
aaaaaaaaeiahaaaa	henry               	desantis                      
aaaaaaaalmajaaaa	ileen               	linn                          
aaaaaaaacemiaaaa	james               	hernandez                     
aaaaaaaaibbfbaaa	james               	compton                       
aaaaaaaalnlabaaa	janie               	garcia                        
aaaaaaaabbeaaaaa	jason               	gallegos                      
aaaaaaaaiodcbaaa	jennifer            	crane                         
aaaaaaaageklaaaa	jerilyn             	walker                        
aaaaaaaamfmkaaaa	john                	sanders                       
aaaaaaaajcnbbaaa	johnnie             	cox                           
aaaaaaaaojbpaaaa	jonathan            	mcbride                       
aaaaaaaaabgkaaaa	jonna               	king                          
aaaaaaaaggmhaaaa	julia               	fisher                        
aaaaaaaahepfbaaa	kathryn             	kinney                        
aaaaaaaaomokaaaa	laurette            	gary                          
aaaaaaaabiabaaaa	letha               	stone                         
aaaaaaaapfkdaaaa	linda               	simmons                       
aaaaaaaajdefaaaa	loretta             	serrano                       
aaaaaaaafoedaaaa	lori                	erwin                         
aaaaaaaabaagaaaa	luis                	james                         
aaaaaaaaeipiaaaa	luke                	rios                          
aaaaaaaagcgiaaaa	mae                 	williams                      
aaaaaaaafmppaaaa	manuel              	bryant                        
aaaaaaaamjfaaaaa	marcus              	espinal                       
aaaaaaaajadiaaaa	margaret            	roberts                       
aaaaaaaahljcaaaa	marlene             	grover                        
aaaaaaaabgmhbaaa	michael             	gillespie                     
aaaaaaaaipgjaaaa	michael             	NULL
aaaaaaaanbecbaaa	michael             	lombardi                      
aaaaaaaamloeaaaa	miguel              	jackson                       
aaaaaaaajhgfaaaa	pamela              	gannon                        
aaaaaaaadfjbbaaa	patrick             	jones                         
aaaaaaaadhnhbaaa	patrick             	cooper                        
aaaaaaaaopmdaaaa	peggy               	smith                         
aaaaaaaaafagaaaa	robert              	chang                         
aaaaaaaaafbnaaaa	robert              	baines                        
aaaaaaaakmhpaaaa	robert              	jones                         
aaaaaaaajmidaaaa	sally               	thurman                       
aaaaaaaajbelaaaa	sean                	busby                         
aaaaaaaajiahaaaa	shawna              	delgado                       
aaaaaaaafdimaaaa	stephanie           	cowan                         
aaaaaaaapbigbaaa	susie               	zavala                        
aaaaaaaagmgebaaa	tamika              	potts                         
aaaaaaaamholaaaa	terri               	cook                          
aaaaaaaabilcaaaa	theresa             	mullins                       
aaaaaaaadhcbaaaa	therese             	perez                         
aaaaaaaaibhhbaaa	vennie              	loya                          
aaaaaaaafhndaaaa	virgil              	mcdonald                      
aaaaaaaaahkeaaaa	william             	stafford                      
aaaaaaaahieiaaaa	william             	roberts
