-- Automatically generated by TPCDSCollationQueryTestSuite

-- !query output on collated data
329332948.59	null	null	2	1
35765359.17	books                                             	null	1	1
34301963.73	men                                               	null	1	2
34299263.29	home                                              	null	1	3
34185638.04	children                                          	null	1	4
33632557.65	electronics                                       	null	1	5
32679955.12	music                                             	null	1	6
31276464.49	women                                             	null	1	7
30973438.42	shoes                                             	null	1	8
30893463.64	jewelry                                           	null	1	9
30492050.58	sports                                            	null	1	10
832794.46	null	null	1	11
487784.65	null	null	0	1
91077.43	null	dresses                                           	0	2
48174.49	null	athletic                                          	0	3
45303.17	null	accessories                                       	0	4
38544.63	null	country                                           	0	5
36691.45	null	infants                                           	0	6
33102.66	null	shirts                                            	0	7
31974.19	null	baseball                                          	0	8
20141.79	null	mens                                              	0	9
2788922.44	books                                             	history                                           	0	1
2627303.83	books                                             	fiction                                           	0	2
2559899.95	books                                             	business                                          	0	3
2523972.68	books                                             	sports                                            	0	4
2478882.85	books                                             	parenting                                         	0	5
2454802.70	books                                             	home repair                                       	0	6
2311733.05	books                                             	science                                           	0	7
2267995.48	books                                             	reference                                         	0	8
2199284.41	books                                             	travel                                            	0	9
2143489.54	books                                             	self-help                                         	0	10
2136284.47	books                                             	romance                                           	0	11
2047067.66	books                                             	computers                                         	0	12
2024086.51	books                                             	mystery                                           	0	13
1841858.53	books                                             	cooking                                           	0	14
1718405.56	books                                             	arts                                              	0	15
1641369.51	books                                             	entertainments                                    	0	16
9726340.87	children                                          	school-uniforms                                   	0	1
8423026.60	children                                          	infants                                           	0	2
8110705.74	children                                          	toddlers                                          	0	3
7857828.46	children                                          	newborn                                           	0	4
67736.37	children                                          	null	0	5
2545288.50	electronics                                       	televisions                                       	0	1
2432288.94	electronics                                       	memory                                            	0	2
2393855.24	electronics                                       	stereo                                            	0	3
2322478.19	electronics                                       	karoke                                            	0	4
2312404.32	electronics                                       	audio                                             	0	5
2297793.09	electronics                                       	automotive                                        	0	6
2175340.77	electronics                                       	camcorders                                        	0	7
2155848.29	electronics                                       	dvd/vcr players                                   	0	8
2151409.30	electronics                                       	portable                                          	0	9
2126590.68	electronics                                       	monitors                                          	0	10
2049010.73	electronics                                       	personal                                          	0	11
1975162.86	electronics                                       	disk drives                                       	0	12
1824298.91	electronics                                       	wireless                                          	0	13
1747334.28	electronics                                       	musical                                           	0	14
1647065.60	electronics                                       	scanners                                          	0	15
1476387.95	electronics                                       	cameras                                           	0	16
2878895.80	home                                              	rugs                                              	0	1
2433373.20	home                                              	wallpaper                                         	0	2
2394255.96	home                                              	bedding                                           	0	3
2360342.61	home                                              	mattresses                                        	0	4
2349809.40	home                                              	paint                                             	0	5
2342593.19	home                                              	tables                                            	0	6
2255327.66	home                                              	accent                                            	0	7
2238644.85	home                                              	lighting                                          	0	8
2195356.00	home                                              	glassware                                         	0	9
2001058.99	home                                              	curtains/drapes                                   	0	10
1995854.06	home                                              	bathroom                                          	0	11
1932033.64	home                                              	decor                                             	0	12
1789688.36	home                                              	flatware                                          	0	13
1767061.55	home                                              	blinds/shades                                     	0	14
1730423.41	home                                              	kids                                              	0	15
1585801.82	home                                              	furniture                                         	0	16
48742.79	home                                              	null	0	17
2309049.65	jewelry                                           	loose stones                                      	0	1
2291438.75	jewelry                                           	bracelets                                         	0	2
2204443.86	jewelry                                           	custom                                            	0	3
1975110.14	jewelry                                           	mens watch                                        	0	4
1964522.90	jewelry                                           	diamonds                                          	0	5
1950628.31	jewelry                                           	estate                                            	0	6
1950233.65	jewelry                                           	womens watch                                      	0	7
1948966.11	jewelry                                           	birdal                                            	0	8
1934844.79	jewelry                                           	rings                                             	0	9
1920939.20	jewelry                                           	gold                                              	0	10
1912539.77	jewelry                                           	semi-precious                                     	0	11
1816107.81	jewelry                                           	consignment                                       	0	12
1793972.84	jewelry                                           	earings                                           	0	13
1783332.27	jewelry                                           	pendants                                          	0	14
1720324.59	jewelry                                           	costume                                           	0	15
1417009.00	jewelry                                           	jewelry boxes                                     	0	16
8970878.34	men                                               	sports-apparel                                    	0	1
8843683.02	men                                               	pants                                             	0	2
8340416.89	men                                               	accessories                                       	0	3
8054511.00	men                                               	shirts                                            	0	4
92474.48	men                                               	null	0	5
8987804.92	music                                             	rock                                              	0	1
8141376.53	music                                             	country                                           	0	2
7793743.27	music                                             	classical                                         	0	3
7727726.97	music                                             	pop                                               	0	4
-- !query output on normalized data
329332948.59	NULL	NULL	2	1
35765359.17	books                                             	NULL	1	1
34301963.73	men                                               	NULL	1	2
34299263.29	home                                              	NULL	1	3
34185638.04	children                                          	NULL	1	4
33632557.65	electronics                                       	NULL	1	5
32679955.12	music                                             	NULL	1	6
31276464.49	women                                             	NULL	1	7
30973438.42	shoes                                             	NULL	1	8
30893463.64	jewelry                                           	NULL	1	9
30492050.58	sports                                            	NULL	1	10
832794.46	NULL	NULL	1	11
487784.65	NULL	NULL	0	1
91077.43	NULL	dresses                                           	0	2
48174.49	NULL	athletic                                          	0	3
45303.17	NULL	accessories                                       	0	4
38544.63	NULL	country                                           	0	5
36691.45	NULL	infants                                           	0	6
33102.66	NULL	shirts                                            	0	7
31974.19	NULL	baseball                                          	0	8
20141.79	NULL	mens                                              	0	9
2788922.44	books                                             	history                                           	0	1
2627303.83	books                                             	fiction                                           	0	2
2559899.95	books                                             	business                                          	0	3
2523972.68	books                                             	sports                                            	0	4
2478882.85	books                                             	parenting                                         	0	5
2454802.70	books                                             	home repair                                       	0	6
2311733.05	books                                             	science                                           	0	7
2267995.48	books                                             	reference                                         	0	8
2199284.41	books                                             	travel                                            	0	9
2143489.54	books                                             	self-help                                         	0	10
2136284.47	books                                             	romance                                           	0	11
2047067.66	books                                             	computers                                         	0	12
2024086.51	books                                             	mystery                                           	0	13
1841858.53	books                                             	cooking                                           	0	14
1718405.56	books                                             	arts                                              	0	15
1641369.51	books                                             	entertainments                                    	0	16
9726340.87	children                                          	school-uniforms                                   	0	1
8423026.60	children                                          	infants                                           	0	2
8110705.74	children                                          	toddlers                                          	0	3
7857828.46	children                                          	newborn                                           	0	4
67736.37	children                                          	NULL	0	5
2545288.50	electronics                                       	televisions                                       	0	1
2432288.94	electronics                                       	memory                                            	0	2
2393855.24	electronics                                       	stereo                                            	0	3
2322478.19	electronics                                       	karoke                                            	0	4
2312404.32	electronics                                       	audio                                             	0	5
2297793.09	electronics                                       	automotive                                        	0	6
2175340.77	electronics                                       	camcorders                                        	0	7
2155848.29	electronics                                       	dvd/vcr players                                   	0	8
2151409.30	electronics                                       	portable                                          	0	9
2126590.68	electronics                                       	monitors                                          	0	10
2049010.73	electronics                                       	personal                                          	0	11
1975162.86	electronics                                       	disk drives                                       	0	12
1824298.91	electronics                                       	wireless                                          	0	13
1747334.28	electronics                                       	musical                                           	0	14
1647065.60	electronics                                       	scanners                                          	0	15
1476387.95	electronics                                       	cameras                                           	0	16
2878895.80	home                                              	rugs                                              	0	1
2433373.20	home                                              	wallpaper                                         	0	2
2394255.96	home                                              	bedding                                           	0	3
2360342.61	home                                              	mattresses                                        	0	4
2349809.40	home                                              	paint                                             	0	5
2342593.19	home                                              	tables                                            	0	6
2255327.66	home                                              	accent                                            	0	7
2238644.85	home                                              	lighting                                          	0	8
2195356.00	home                                              	glassware                                         	0	9
2001058.99	home                                              	curtains/drapes                                   	0	10
1995854.06	home                                              	bathroom                                          	0	11
1932033.64	home                                              	decor                                             	0	12
1789688.36	home                                              	flatware                                          	0	13
1767061.55	home                                              	blinds/shades                                     	0	14
1730423.41	home                                              	kids                                              	0	15
1585801.82	home                                              	furniture                                         	0	16
48742.79	home                                              	NULL	0	17
2309049.65	jewelry                                           	loose stones                                      	0	1
2291438.75	jewelry                                           	bracelets                                         	0	2
2204443.86	jewelry                                           	custom                                            	0	3
1975110.14	jewelry                                           	mens watch                                        	0	4
1964522.90	jewelry                                           	diamonds                                          	0	5
1950628.31	jewelry                                           	estate                                            	0	6
1950233.65	jewelry                                           	womens watch                                      	0	7
1948966.11	jewelry                                           	birdal                                            	0	8
1934844.79	jewelry                                           	rings                                             	0	9
1920939.20	jewelry                                           	gold                                              	0	10
1912539.77	jewelry                                           	semi-precious                                     	0	11
1816107.81	jewelry                                           	consignment                                       	0	12
1793972.84	jewelry                                           	earings                                           	0	13
1783332.27	jewelry                                           	pendants                                          	0	14
1720324.59	jewelry                                           	costume                                           	0	15
1417009.00	jewelry                                           	jewelry boxes                                     	0	16
8970878.34	men                                               	sports-apparel                                    	0	1
8843683.02	men                                               	pants                                             	0	2
8340416.89	men                                               	accessories                                       	0	3
8054511.00	men                                               	shirts                                            	0	4
92474.48	men                                               	NULL	0	5
8987804.92	music                                             	rock                                              	0	1
8141376.53	music                                             	country                                           	0	2
7793743.27	music                                             	classical                                         	0	3
7727726.97	music                                             	pop                                               	0	4
